
> nothing@0.0.0 build C:\Users\lewis\Documents\Projects\spothop-web
> tsc -b && vite build

src/components/__tests__/LightboxDialog.test.tsx(3,32): error TS2307: Cannot find module '../LightboxDialog' or its corresponding type declarations.
src/components/__tests__/LikedMediaGallery.test.tsx(3,35): error TS2307: Cannot find module '../LikedMediaGallery' or its corresponding type declarations.
src/components/__tests__/MediaGalleryItem.test.tsx(3,34): error TS2307: Cannot find module '../MediaGalleryItem' or its corresponding type declarations.
src/components/__tests__/OptimizedImage.test.tsx(1,1): error TS6133: 'React' is declared but its value is never read.
src/hooks/__tests__/useProfileManagement.test.tsx(53,9): error TS2304: Cannot find name 'global'.
src/hooks/__tests__/useProfileManagement.test.tsx(85,20): error TS2304: Cannot find name 'global'.
src/hooks/__tests__/useProfileManagement.test.tsx(96,20): error TS2304: Cannot find name 'global'.
src/hooks/__tests__/useProfileUpdate.test.tsx(1,22): error TS6133: 'waitFor' is declared but its value is never read.
src/routes/__tests__/-terms.test.tsx(1,1): error TS6133: 'React' is declared but its value is never read.
src/routes/__tests__/-terms.test.tsx(2,1): error TS6192: All imports in import declaration are unused.
src/routes/admin/-components/__tests__/ContestFormDialog.test.tsx(4,38): error TS2307: Cannot find module '@mui/x-date-pickers/LocalizationProvider' or its corresponding type declarations.
src/routes/admin/-components/__tests__/ContestFormDialog.test.tsx(5,32): error TS2307: Cannot find module '@mui/x-date-pickers/AdapterDateFnsV3' or its corresponding type declarations.
src/routes/admin/-components/__tests__/ContestFormDialog.test.tsx(20,18): error TS2741: Property 'contest' is missing in type '{ open: true; onClose: Mock<Procedure>; }' but required in type 'ContestFormDialogProps'.
src/routes/admin/-components/__tests__/ContestStatusVotingFields.test.tsx(3,38): error TS2307: Cannot find module '@mui/x-date-pickers/LocalizationProvider' or its corresponding type declarations.
src/routes/admin/-components/__tests__/ContestStatusVotingFields.test.tsx(4,32): error TS2307: Cannot find module '@mui/x-date-pickers/AdapterDateFnsV3' or its corresponding type declarations.
src/routes/admin/-components/__tests__/ContestStatusVotingFields.test.tsx(19,18): error TS2739: Type '{ formData: { status: "draft"; voting_type: "public"; start_date: string; end_date: string; }; onChange: Mock<Procedure>; }' is missing the following properties from type 'ContestStatusVotingFieldsProps': judgeSearchResults, selectedJudges, onJudgesChange, onJudgeSearch
src/routes/admin/-components/__tests__/ContestSubmissionCriteriaFields.test.tsx(2,37): error TS6133: 'within' is declared but its value is never read.
src/routes/admin/-components/__tests__/ContestSubmissionCriteriaFields.test.tsx(18,17): error TS2559: Type '{ allowed_media_types: any[]; max_entries_per_user: number; max_file_size_mb: number; min_video_length_sec: number; max_video_length_sec: number; }' has no properties in common with type 'Partial<Contest>'.
src/routes/admin/-components/__tests__/ContestTable.test.tsx(2,37): error TS6133: 'within' is declared but its value is never read.
src/routes/admin/-components/__tests__/ContestUsageRestrictionFields.test.tsx(15,17): error TS2559: Type '{ spots: string[]; users: string[]; }' has no properties in common with type 'Partial<Contest>'.
src/routes/feed/-components/filters/__tests__/ChipFilter.test.tsx(1,1): error TS6133: 'React' is declared but its value is never read.
src/routes/feed/-components/filters/__tests__/FilterActions.test.tsx(1,1): error TS6133: 'React' is declared but its value is never read.
src/routes/feed/-components/filters/__tests__/FilterHeader.test.tsx(1,1): error TS6133: 'React' is declared but its value is never read.
src/routes/feed/-components/filters/__tests__/FilterSection.test.tsx(1,1): error TS6133: 'React' is declared but its value is never read.
src/routes/feed/-components/filters/__tests__/LocationFilter.test.tsx(1,1): error TS6133: 'React' is declared but its value is never read.
src/routes/feed/-components/filters/__tests__/LocationFilter.test.tsx(41,17): error TS2322: Type '{ nearMe: boolean; selectedLocation: null; maxDistKm: number; locationInputRef: { current: null; }; onNearMeChange: Mock<Procedure>; onPlaceSelect: Mock<Procedure>; onDistChange: Mock<...>; }' is not assignable to type 'LocationFilterProps'.
  Types of property 'selectedLocation' are incompatible.
    Type 'null' is not assignable to type '{ lat: number; lng: number; name: string; } | undefined'.
src/routes/feed/-components/filters/__tests__/LocationFilter.test.tsx(53,17): error TS2322: Type '{ nearMe: true; selectedLocation: null; maxDistKm: number; locationInputRef: { current: null; }; onNearMeChange: Mock<Procedure>; onPlaceSelect: Mock<Procedure>; onDistChange: Mock<...>; }' is not assignable to type 'LocationFilterProps'.
  Types of property 'selectedLocation' are incompatible.
    Type 'null' is not assignable to type '{ lat: number; lng: number; name: string; } | undefined'.
src/routes/feed/-components/filters/__tests__/LocationFilter.test.tsx(79,17): error TS2322: Type '{ nearMe: true; selectedLocation: null; maxDistKm: number; locationInputRef: { current: null; }; onNearMeChange: Mock<Procedure>; onPlaceSelect: Mock<Procedure>; onDistChange: Mock<...>; }' is not assignable to type 'LocationFilterProps'.
  Types of property 'selectedLocation' are incompatible.
    Type 'null' is not assignable to type '{ lat: number; lng: number; name: string; } | undefined'.
src/routes/feed/-components/filters/__tests__/LocationFilter.test.tsx(91,17): error TS2322: Type '{ nearMe: boolean; selectedLocation: null; maxDistKm: number; locationInputRef: { current: null; }; onNearMeChange: Mock<Procedure>; onPlaceSelect: Mock<Procedure>; onDistChange: Mock<...>; }' is not assignable to type 'LocationFilterProps'.
  Types of property 'selectedLocation' are incompatible.
    Type 'null' is not assignable to type '{ lat: number; lng: number; name: string; } | undefined'.
src/routes/feed/-components/filters/__tests__/LocationFilter.test.tsx(106,17): error TS2322: Type '{ nearMe: boolean; selectedLocation: null; maxDistKm: number; locationInputRef: { current: null; }; onNearMeChange: Mock<Procedure>; onPlaceSelect: Mock<Procedure>; onDistChange: Mock<...>; }' is not assignable to type 'LocationFilterProps'.
  Types of property 'selectedLocation' are incompatible.
    Type 'null' is not assignable to type '{ lat: number; lng: number; name: string; } | undefined'.
src/routes/feed/-components/filters/__tests__/LocationFilter.test.tsx(119,17): error TS2322: Type '{ nearMe: true; selectedLocation: null; maxDistKm: number; locationInputRef: { current: null; }; onNearMeChange: Mock<Procedure>; onPlaceSelect: Mock<Procedure>; onDistChange: Mock<...>; }' is not assignable to type 'LocationFilterProps'.
  Types of property 'selectedLocation' are incompatible.
    Type 'null' is not assignable to type '{ lat: number; lng: number; name: string; } | undefined'.
src/routes/forgot-password/__tests__/-index.test.tsx(1,1): error TS6133: 'React' is declared but its value is never read.
src/routes/profile/-components/__tests__/ProfileForm.test.tsx(2,37): error TS6133: 'act' is declared but its value is never read.
src/routes/profile/-components/__tests__/ProfileForm.test.tsx(21,29): error TS2322: Type '{ profile: any; onSubmit: Mock<Procedure>; isSubmitting: boolean; }' is not assignable to type 'IntrinsicAttributes & ProfileFormProps'.
  Property 'profile' does not exist on type 'IntrinsicAttributes & ProfileFormProps'.
src/routes/profile/-components/__tests__/ProfileForm.test.tsx(30,29): error TS2322: Type '{ profile: any; onSubmit: Mock<Procedure>; isSubmitting: boolean; }' is not assignable to type 'IntrinsicAttributes & ProfileFormProps'.
  Property 'profile' does not exist on type 'IntrinsicAttributes & ProfileFormProps'.
src/routes/profile/-components/__tests__/ProfileForm.test.tsx(46,29): error TS2322: Type '{ profile: any; onSubmit: Mock<Procedure>; isSubmitting: boolean; }' is not assignable to type 'IntrinsicAttributes & ProfileFormProps'.
  Property 'profile' does not exist on type 'IntrinsicAttributes & ProfileFormProps'.
src/routes/profile/-components/__tests__/ProfileForm.test.tsx(61,29): error TS2322: Type '{ profile: any; onSubmit: Mock<Procedure>; isSubmitting: boolean; }' is not assignable to type 'IntrinsicAttributes & ProfileFormProps'.
  Property 'profile' does not exist on type 'IntrinsicAttributes & ProfileFormProps'.
ΓÇëELIFECYCLEΓÇë Command failed with exit code 1.
