error TS6305: Output file 'C:/Users/lewis/Documents/Projects/spothop-web/src/__mocks__/supabase.d.ts' has not been built from source file 'C:/Users/lewis/Documents/Projects/spothop-web/src/__mocks__/supabase.ts'.
  The file is in the program because:
    Matched by include pattern 'src/**/*' in 'C:/Users/lewis/Documents/Projects/spothop-web/tsconfig.json'
error TS6305: Output file 'C:/Users/lewis/Documents/Projects/spothop-web/src/__mocks__/supabase.test.d.ts' has not been built from source file 'C:/Users/lewis/Documents/Projects/spothop-web/src/__mocks__/supabase.test.ts'.
  The file is in the program because:
    Matched by include pattern 'src/**/*' in 'C:/Users/lewis/Documents/Projects/spothop-web/tsconfig.json'
error TS6305: Output file 'C:/Users/lewis/Documents/Projects/spothop-web/src/atoms/auth.d.ts' has not been built from source file 'C:/Users/lewis/Documents/Projects/spothop-web/src/atoms/auth.ts'.
  The file is in the program because:
    Matched by include pattern 'src/**/*' in 'C:/Users/lewis/Documents/Projects/spothop-web/tsconfig.json'
error TS6305: Output file 'C:/Users/lewis/Documents/Projects/spothop-web/src/atoms/auth.test.d.ts' has not been built from source file 'C:/Users/lewis/Documents/Projects/spothop-web/src/atoms/auth.test.ts'.
  The file is in the program because:
    Matched by include pattern 'src/**/*' in 'C:/Users/lewis/Documents/Projects/spothop-web/tsconfig.json'
error TS6305: Output file 'C:/Users/lewis/Documents/Projects/spothop-web/src/atoms/feed.d.ts' has not been built from source file 'C:/Users/lewis/Documents/Projects/spothop-web/src/atoms/feed.ts'.
  The file is in the program because:
    Matched by include pattern 'src/**/*' in 'C:/Users/lewis/Documents/Projects/spothop-web/tsconfig.json'
error TS6305: Output file 'C:/Users/lewis/Documents/Projects/spothop-web/src/atoms/map.d.ts' has not been built from source file 'C:/Users/lewis/Documents/Projects/spothop-web/src/atoms/map.ts'.
  The file is in the program because:
    Matched by include pattern 'src/**/*' in 'C:/Users/lewis/Documents/Projects/spothop-web/tsconfig.json'
error TS6305: Output file 'C:/Users/lewis/Documents/Projects/spothop-web/src/atoms/map.test.d.ts' has not been built from source file 'C:/Users/lewis/Documents/Projects/spothop-web/src/atoms/map.test.ts'.
  The file is in the program because:
    Matched by include pattern 'src/**/*' in 'C:/Users/lewis/Documents/Projects/spothop-web/tsconfig.json'
error TS6305: Output file 'C:/Users/lewis/Documents/Projects/spothop-web/src/atoms/spots.d.ts' has not been built from source file 'C:/Users/lewis/Documents/Projects/spothop-web/src/atoms/spots.ts'.
  The file is in the program because:
    Matched by include pattern 'src/**/*' in 'C:/Users/lewis/Documents/Projects/spothop-web/tsconfig.json'
error TS6305: Output file 'C:/Users/lewis/Documents/Projects/spothop-web/src/atoms/spots.test.d.ts' has not been built from source file 'C:/Users/lewis/Documents/Projects/spothop-web/src/atoms/spots.test.ts'.
  The file is in the program because:
    Matched by include pattern 'src/**/*' in 'C:/Users/lewis/Documents/Projects/spothop-web/tsconfig.json'
error TS6305: Output file 'C:/Users/lewis/Documents/Projects/spothop-web/src/atoms/ui.d.ts' has not been built from source file 'C:/Users/lewis/Documents/Projects/spothop-web/src/atoms/ui.ts'.
  The file is in the program because:
    Matched by include pattern 'src/**/*' in 'C:/Users/lewis/Documents/Projects/spothop-web/tsconfig.json'
error TS6305: Output file 'C:/Users/lewis/Documents/Projects/spothop-web/src/components/EmptyState/EmptyState.d.ts' has not been built from source file 'C:/Users/lewis/Documents/Projects/spothop-web/src/components/EmptyState/EmptyState.tsx'.
  The file is in the program because:
    Matched by include pattern 'src/**/*' in 'C:/Users/lewis/Documents/Projects/spothop-web/tsconfig.json'
error TS6305: Output file 'C:/Users/lewis/Documents/Projects/spothop-web/src/components/ImageUploader.d.ts' has not been built from source file 'C:/Users/lewis/Documents/Projects/spothop-web/src/components/ImageUploader.tsx'.
  The file is in the program because:
    Matched by include pattern 'src/**/*' in 'C:/Users/lewis/Documents/Projects/spothop-web/tsconfig.json'
error TS6305: Output file 'C:/Users/lewis/Documents/Projects/spothop-web/src/components/SearchInput/SearchInput.d.ts' has not been built from source file 'C:/Users/lewis/Documents/Projects/spothop-web/src/components/SearchInput/SearchInput.tsx'.
  The file is in the program because:
    Matched by include pattern 'src/**/*' in 'C:/Users/lewis/Documents/Projects/spothop-web/tsconfig.json'
error TS6305: Output file 'C:/Users/lewis/Documents/Projects/spothop-web/src/constants/strings.d.ts' has not been built from source file 'C:/Users/lewis/Documents/Projects/spothop-web/src/constants/strings.ts'.
  The file is in the program because:
    Matched by include pattern 'src/**/*' in 'C:/Users/lewis/Documents/Projects/spothop-web/tsconfig.json'
error TS6305: Output file 'C:/Users/lewis/Documents/Projects/spothop-web/src/constants/validation.d.ts' has not been built from source file 'C:/Users/lewis/Documents/Projects/spothop-web/src/constants/validation.ts'.
  The file is in the program because:
    Matched by include pattern 'src/**/*' in 'C:/Users/lewis/Documents/Projects/spothop-web/tsconfig.json'
error TS6305: Output file 'C:/Users/lewis/Documents/Projects/spothop-web/src/hooks/__tests__/useAdminQueries.test.d.ts' has not been built from source file 'C:/Users/lewis/Documents/Projects/spothop-web/src/hooks/__tests__/useAdminQueries.test.tsx'.
  The file is in the program because:
    Matched by include pattern 'src/**/*' in 'C:/Users/lewis/Documents/Projects/spothop-web/tsconfig.json'
error TS6305: Output file 'C:/Users/lewis/Documents/Projects/spothop-web/src/hooks/__tests__/useComments.test.d.ts' has not been built from source file 'C:/Users/lewis/Documents/Projects/spothop-web/src/hooks/__tests__/useComments.test.tsx'.
  The file is in the program because:
    Matched by include pattern 'src/**/*' in 'C:/Users/lewis/Documents/Projects/spothop-web/tsconfig.json'
error TS6305: Output file 'C:/Users/lewis/Documents/Projects/spothop-web/src/hooks/__tests__/useConstructFeedFilters.test.d.ts' has not been built from source file 'C:/Users/lewis/Documents/Projects/spothop-web/src/hooks/__tests__/useConstructFeedFilters.test.ts'.
  The file is in the program because:
    Matched by include pattern 'src/**/*' in 'C:/Users/lewis/Documents/Projects/spothop-web/tsconfig.json'
error TS6305: Output file 'C:/Users/lewis/Documents/Projects/spothop-web/src/hooks/__tests__/useDevTools.test.d.ts' has not been built from source file 'C:/Users/lewis/Documents/Projects/spothop-web/src/hooks/__tests__/useDevTools.test.ts'.
  The file is in the program because:
    Matched by include pattern 'src/**/*' in 'C:/Users/lewis/Documents/Projects/spothop-web/tsconfig.json'
error TS6305: Output file 'C:/Users/lewis/Documents/Projects/spothop-web/src/hooks/__tests__/useFeedQueries.test.d.ts' has not been built from source file 'C:/Users/lewis/Documents/Projects/spothop-web/src/hooks/__tests__/useFeedQueries.test.tsx'.
  The file is in the program because:
    Matched by include pattern 'src/**/*' in 'C:/Users/lewis/Documents/Projects/spothop-web/tsconfig.json'
error TS6305: Output file 'C:/Users/lewis/Documents/Projects/spothop-web/src/hooks/__tests__/useFlagging.test.d.ts' has not been built from source file 'C:/Users/lewis/Documents/Projects/spothop-web/src/hooks/__tests__/useFlagging.test.tsx'.
  The file is in the program because:
    Matched by include pattern 'src/**/*' in 'C:/Users/lewis/Documents/Projects/spothop-web/tsconfig.json'
error TS6305: Output file 'C:/Users/lewis/Documents/Projects/spothop-web/src/hooks/__tests__/useGeolocation.test.d.ts' has not been built from source file 'C:/Users/lewis/Documents/Projects/spothop-web/src/hooks/__tests__/useGeolocation.test.ts'.
  The file is in the program because:
    Matched by include pattern 'src/**/*' in 'C:/Users/lewis/Documents/Projects/spothop-web/tsconfig.json'
error TS6305: Output file 'C:/Users/lewis/Documents/Projects/spothop-web/src/hooks/__tests__/useMediaLikes.test.d.ts' has not been built from source file 'C:/Users/lewis/Documents/Projects/spothop-web/src/hooks/__tests__/useMediaLikes.test.tsx'.
  The file is in the program because:
    Matched by include pattern 'src/**/*' in 'C:/Users/lewis/Documents/Projects/spothop-web/tsconfig.json'
error TS6305: Output file 'C:/Users/lewis/Documents/Projects/spothop-web/src/hooks/__tests__/useMediaUpload.test.d.ts' has not been built from source file 'C:/Users/lewis/Documents/Projects/spothop-web/src/hooks/__tests__/useMediaUpload.test.ts'.
  The file is in the program because:
    Matched by include pattern 'src/**/*' in 'C:/Users/lewis/Documents/Projects/spothop-web/tsconfig.json'
error TS6305: Output file 'C:/Users/lewis/Documents/Projects/spothop-web/src/hooks/__tests__/useNotifications.test.d.ts' has not been built from source file 'C:/Users/lewis/Documents/Projects/spothop-web/src/hooks/__tests__/useNotifications.test.tsx'.
  The file is in the program because:
    Matched by include pattern 'src/**/*' in 'C:/Users/lewis/Documents/Projects/spothop-web/tsconfig.json'
error TS6305: Output file 'C:/Users/lewis/Documents/Projects/spothop-web/src/hooks/__tests__/useOnlineStatus.test.d.ts' has not been built from source file 'C:/Users/lewis/Documents/Projects/spothop-web/src/hooks/__tests__/useOnlineStatus.test.ts'.
  The file is in the program because:
    Matched by include pattern 'src/**/*' in 'C:/Users/lewis/Documents/Projects/spothop-web/tsconfig.json'
error TS6305: Output file 'C:/Users/lewis/Documents/Projects/spothop-web/src/hooks/__tests__/useProfile.test.d.ts' has not been built from source file 'C:/Users/lewis/Documents/Projects/spothop-web/src/hooks/__tests__/useProfile.test.tsx'.
  The file is in the program because:
    Matched by include pattern 'src/**/*' in 'C:/Users/lewis/Documents/Projects/spothop-web/tsconfig.json'
error TS6305: Output file 'C:/Users/lewis/Documents/Projects/spothop-web/src/hooks/__tests__/useProfileQueries.test.d.ts' has not been built from source file 'C:/Users/lewis/Documents/Projects/spothop-web/src/hooks/__tests__/useProfileQueries.test.tsx'.
  The file is in the program because:
    Matched by include pattern 'src/**/*' in 'C:/Users/lewis/Documents/Projects/spothop-web/tsconfig.json'
error TS6305: Output file 'C:/Users/lewis/Documents/Projects/spothop-web/src/hooks/__tests__/useSpotAddress.test.d.ts' has not been built from source file 'C:/Users/lewis/Documents/Projects/spothop-web/src/hooks/__tests__/useSpotAddress.test.ts'.
  The file is in the program because:
    Matched by include pattern 'src/**/*' in 'C:/Users/lewis/Documents/Projects/spothop-web/tsconfig.json'
error TS6305: Output file 'C:/Users/lewis/Documents/Projects/spothop-web/src/hooks/__tests__/useSpotFavorites.test.d.ts' has not been built from source file 'C:/Users/lewis/Documents/Projects/spothop-web/src/hooks/__tests__/useSpotFavorites.test.ts'.
  The file is in the program because:
    Matched by include pattern 'src/**/*' in 'C:/Users/lewis/Documents/Projects/spothop-web/tsconfig.json'
error TS6305: Output file 'C:/Users/lewis/Documents/Projects/spothop-web/src/hooks/__tests__/useSpotQueries.test.d.ts' has not been built from source file 'C:/Users/lewis/Documents/Projects/spothop-web/src/hooks/__tests__/useSpotQueries.test.tsx'.
  The file is in the program because:
    Matched by include pattern 'src/**/*' in 'C:/Users/lewis/Documents/Projects/spothop-web/tsconfig.json'
error TS6305: Output file 'C:/Users/lewis/Documents/Projects/spothop-web/src/hooks/__tests__/useSpots.test.d.ts' has not been built from source file 'C:/Users/lewis/Documents/Projects/spothop-web/src/hooks/__tests__/useSpots.test.tsx'.
  The file is in the program because:
    Matched by include pattern 'src/**/*' in 'C:/Users/lewis/Documents/Projects/spothop-web/tsconfig.json'
error TS6305: Output file 'C:/Users/lewis/Documents/Projects/spothop-web/src/hooks/useAdminQueries.d.ts' has not been built from source file 'C:/Users/lewis/Documents/Projects/spothop-web/src/hooks/useAdminQueries.tsx'.
  The file is in the program because:
    Matched by include pattern 'src/**/*' in 'C:/Users/lewis/Documents/Projects/spothop-web/tsconfig.json'
error TS6305: Output file 'C:/Users/lewis/Documents/Projects/spothop-web/src/hooks/useChatQueries.d.ts' has not been built from source file 'C:/Users/lewis/Documents/Projects/spothop-web/src/hooks/useChatQueries.tsx'.
  The file is in the program because:
    Matched by include pattern 'src/**/*' in 'C:/Users/lewis/Documents/Projects/spothop-web/tsconfig.json'
error TS6305: Output file 'C:/Users/lewis/Documents/Projects/spothop-web/src/hooks/useComments.d.ts' has not been built from source file 'C:/Users/lewis/Documents/Projects/spothop-web/src/hooks/useComments.tsx'.
  The file is in the program because:
    Matched by include pattern 'src/**/*' in 'C:/Users/lewis/Documents/Projects/spothop-web/tsconfig.json'
error TS6305: Output file 'C:/Users/lewis/Documents/Projects/spothop-web/src/hooks/useConstructFeedFilters.d.ts' has not been built from source file 'C:/Users/lewis/Documents/Projects/spothop-web/src/hooks/useConstructFeedFilters.ts'.
  The file is in the program because:
    Matched by include pattern 'src/**/*' in 'C:/Users/lewis/Documents/Projects/spothop-web/tsconfig.json'
error TS6305: Output file 'C:/Users/lewis/Documents/Projects/spothop-web/src/hooks/useDevTools.d.ts' has not been built from source file 'C:/Users/lewis/Documents/Projects/spothop-web/src/hooks/useDevTools.tsx'.
  The file is in the program because:
    Matched by include pattern 'src/**/*' in 'C:/Users/lewis/Documents/Projects/spothop-web/tsconfig.json'
error TS6305: Output file 'C:/Users/lewis/Documents/Projects/spothop-web/src/hooks/useFeedFilters.d.ts' has not been built from source file 'C:/Users/lewis/Documents/Projects/spothop-web/src/hooks/useFeedFilters.ts'.
  The file is in the program because:
    Matched by include pattern 'src/**/*' in 'C:/Users/lewis/Documents/Projects/spothop-web/tsconfig.json'
error TS6305: Output file 'C:/Users/lewis/Documents/Projects/spothop-web/src/hooks/useFeedQueries.d.ts' has not been built from source file 'C:/Users/lewis/Documents/Projects/spothop-web/src/hooks/useFeedQueries.tsx'.
  The file is in the program because:
    Matched by include pattern 'src/**/*' in 'C:/Users/lewis/Documents/Projects/spothop-web/tsconfig.json'
error TS6305: Output file 'C:/Users/lewis/Documents/Projects/spothop-web/src/hooks/useFlagging.d.ts' has not been built from source file 'C:/Users/lewis/Documents/Projects/spothop-web/src/hooks/useFlagging.tsx'.
  The file is in the program because:
    Matched by include pattern 'src/**/*' in 'C:/Users/lewis/Documents/Projects/spothop-web/tsconfig.json'
error TS6305: Output file 'C:/Users/lewis/Documents/Projects/spothop-web/src/hooks/useGeocoding.d.ts' has not been built from source file 'C:/Users/lewis/Documents/Projects/spothop-web/src/hooks/useGeocoding.ts'.
  The file is in the program because:
    Matched by include pattern 'src/**/*' in 'C:/Users/lewis/Documents/Projects/spothop-web/tsconfig.json'
error TS6305: Output file 'C:/Users/lewis/Documents/Projects/spothop-web/src/hooks/useGeolocation.d.ts' has not been built from source file 'C:/Users/lewis/Documents/Projects/spothop-web/src/hooks/useGeolocation.ts'.
  The file is in the program because:
    Matched by include pattern 'src/**/*' in 'C:/Users/lewis/Documents/Projects/spothop-web/tsconfig.json'
error TS6305: Output file 'C:/Users/lewis/Documents/Projects/spothop-web/src/hooks/useMapSearch.d.ts' has not been built from source file 'C:/Users/lewis/Documents/Projects/spothop-web/src/hooks/useMapSearch.ts'.
  The file is in the program because:
    Matched by include pattern 'src/**/*' in 'C:/Users/lewis/Documents/Projects/spothop-web/tsconfig.json'
error TS6305: Output file 'C:/Users/lewis/Documents/Projects/spothop-web/src/hooks/useMapState.d.ts' has not been built from source file 'C:/Users/lewis/Documents/Projects/spothop-web/src/hooks/useMapState.ts'.
  The file is in the program because:
    Matched by include pattern 'src/**/*' in 'C:/Users/lewis/Documents/Projects/spothop-web/tsconfig.json'
error TS6305: Output file 'C:/Users/lewis/Documents/Projects/spothop-web/src/hooks/useMediaLikes.d.ts' has not been built from source file 'C:/Users/lewis/Documents/Projects/spothop-web/src/hooks/useMediaLikes.tsx'.
  The file is in the program because:
    Matched by include pattern 'src/**/*' in 'C:/Users/lewis/Documents/Projects/spothop-web/tsconfig.json'
error TS6305: Output file 'C:/Users/lewis/Documents/Projects/spothop-web/src/hooks/useMediaUpload.d.ts' has not been built from source file 'C:/Users/lewis/Documents/Projects/spothop-web/src/hooks/useMediaUpload.ts'.
  The file is in the program because:
    Matched by include pattern 'src/**/*' in 'C:/Users/lewis/Documents/Projects/spothop-web/tsconfig.json'
error TS6305: Output file 'C:/Users/lewis/Documents/Projects/spothop-web/src/hooks/useMediaUploadMutation.d.ts' has not been built from source file 'C:/Users/lewis/Documents/Projects/spothop-web/src/hooks/useMediaUploadMutation.ts'.
  The file is in the program because:
    Matched by include pattern 'src/**/*' in 'C:/Users/lewis/Documents/Projects/spothop-web/tsconfig.json'
error TS6305: Output file 'C:/Users/lewis/Documents/Projects/spothop-web/src/hooks/useNotifications.d.ts' has not been built from source file 'C:/Users/lewis/Documents/Projects/spothop-web/src/hooks/useNotifications.tsx'.
  The file is in the program because:
    Matched by include pattern 'src/**/*' in 'C:/Users/lewis/Documents/Projects/spothop-web/tsconfig.json'
error TS6305: Output file 'C:/Users/lewis/Documents/Projects/spothop-web/src/hooks/useOnlineStatus.d.ts' has not been built from source file 'C:/Users/lewis/Documents/Projects/spothop-web/src/hooks/useOnlineStatus.tsx'.
  The file is in the program because:
    Matched by include pattern 'src/**/*' in 'C:/Users/lewis/Documents/Projects/spothop-web/tsconfig.json'
error TS6305: Output file 'C:/Users/lewis/Documents/Projects/spothop-web/src/hooks/useProfile.d.ts' has not been built from source file 'C:/Users/lewis/Documents/Projects/spothop-web/src/hooks/useProfile.tsx'.
  The file is in the program because:
    Matched by include pattern 'src/**/*' in 'C:/Users/lewis/Documents/Projects/spothop-web/tsconfig.json'
error TS6305: Output file 'C:/Users/lewis/Documents/Projects/spothop-web/src/hooks/useProfileManagement.d.ts' has not been built from source file 'C:/Users/lewis/Documents/Projects/spothop-web/src/hooks/useProfileManagement.ts'.
  The file is in the program because:
    Matched by include pattern 'src/**/*' in 'C:/Users/lewis/Documents/Projects/spothop-web/tsconfig.json'
error TS6305: Output file 'C:/Users/lewis/Documents/Projects/spothop-web/src/hooks/useProfileQueries.d.ts' has not been built from source file 'C:/Users/lewis/Documents/Projects/spothop-web/src/hooks/useProfileQueries.tsx'.
  The file is in the program because:
    Matched by include pattern 'src/**/*' in 'C:/Users/lewis/Documents/Projects/spothop-web/tsconfig.json'
error TS6305: Output file 'C:/Users/lewis/Documents/Projects/spothop-web/src/hooks/useProfileUpdate.d.ts' has not been built from source file 'C:/Users/lewis/Documents/Projects/spothop-web/src/hooks/useProfileUpdate.ts'.
  The file is in the program because:
    Matched by include pattern 'src/**/*' in 'C:/Users/lewis/Documents/Projects/spothop-web/tsconfig.json'
error TS6305: Output file 'C:/Users/lewis/Documents/Projects/spothop-web/src/hooks/useSpotAddress.d.ts' has not been built from source file 'C:/Users/lewis/Documents/Projects/spothop-web/src/hooks/useSpotAddress.ts'.
  The file is in the program because:
    Matched by include pattern 'src/**/*' in 'C:/Users/lewis/Documents/Projects/spothop-web/tsconfig.json'
error TS6305: Output file 'C:/Users/lewis/Documents/Projects/spothop-web/src/hooks/useSpotCreation.d.ts' has not been built from source file 'C:/Users/lewis/Documents/Projects/spothop-web/src/hooks/useSpotCreation.ts'.
  The file is in the program because:
    Matched by include pattern 'src/**/*' in 'C:/Users/lewis/Documents/Projects/spothop-web/tsconfig.json'
error TS6305: Output file 'C:/Users/lewis/Documents/Projects/spothop-web/src/hooks/useSpotFavorites.d.ts' has not been built from source file 'C:/Users/lewis/Documents/Projects/spothop-web/src/hooks/useSpotFavorites.ts'.
  The file is in the program because:
    Matched by include pattern 'src/**/*' in 'C:/Users/lewis/Documents/Projects/spothop-web/tsconfig.json'
error TS6305: Output file 'C:/Users/lewis/Documents/Projects/spothop-web/src/hooks/useSpotQueries.d.ts' has not been built from source file 'C:/Users/lewis/Documents/Projects/spothop-web/src/hooks/useSpotQueries.tsx'.
  The file is in the program because:
    Matched by include pattern 'src/**/*' in 'C:/Users/lewis/Documents/Projects/spothop-web/tsconfig.json'
error TS6305: Output file 'C:/Users/lewis/Documents/Projects/spothop-web/src/hooks/useSpots.d.ts' has not been built from source file 'C:/Users/lewis/Documents/Projects/spothop-web/src/hooks/useSpots.tsx'.
  The file is in the program because:
    Matched by include pattern 'src/**/*' in 'C:/Users/lewis/Documents/Projects/spothop-web/tsconfig.json'
error TS6305: Output file 'C:/Users/lewis/Documents/Projects/spothop-web/src/lib/posthog.d.ts' has not been built from source file 'C:/Users/lewis/Documents/Projects/spothop-web/src/lib/posthog.ts'.
  The file is in the program because:
    Matched by include pattern 'src/**/*' in 'C:/Users/lewis/Documents/Projects/spothop-web/tsconfig.json'
error TS6305: Output file 'C:/Users/lewis/Documents/Projects/spothop-web/src/main.d.ts' has not been built from source file 'C:/Users/lewis/Documents/Projects/spothop-web/src/main.tsx'.
  The file is in the program because:
    Matched by include pattern 'src/**/*' in 'C:/Users/lewis/Documents/Projects/spothop-web/tsconfig.json'
error TS6305: Output file 'C:/Users/lewis/Documents/Projects/spothop-web/src/routes/-components/BottomNav.d.ts' has not been built from source file 'C:/Users/lewis/Documents/Projects/spothop-web/src/routes/-components/BottomNav.tsx'.
  The file is in the program because:
    Matched by include pattern 'src/**/*' in 'C:/Users/lewis/Documents/Projects/spothop-web/tsconfig.json'
error TS6305: Output file 'C:/Users/lewis/Documents/Projects/spothop-web/src/routes/-components/FilterBar.d.ts' has not been built from source file 'C:/Users/lewis/Documents/Projects/spothop-web/src/routes/-components/FilterBar.tsx'.
  The file is in the program because:
    Matched by include pattern 'src/**/*' in 'C:/Users/lewis/Documents/Projects/spothop-web/tsconfig.json'
error TS6305: Output file 'C:/Users/lewis/Documents/Projects/spothop-web/src/routes/-components/FilterBar.test.d.ts' has not been built from source file 'C:/Users/lewis/Documents/Projects/spothop-web/src/routes/-components/FilterBar.test.tsx'.
  The file is in the program because:
    Matched by include pattern 'src/**/*' in 'C:/Users/lewis/Documents/Projects/spothop-web/tsconfig.json'
error TS6305: Output file 'C:/Users/lewis/Documents/Projects/spothop-web/src/routes/-components/MapControls.d.ts' has not been built from source file 'C:/Users/lewis/Documents/Projects/spothop-web/src/routes/-components/MapControls.tsx'.
  The file is in the program because:
    Matched by include pattern 'src/**/*' in 'C:/Users/lewis/Documents/Projects/spothop-web/tsconfig.json'
error TS6305: Output file 'C:/Users/lewis/Documents/Projects/spothop-web/src/routes/-components/MapMarker.d.ts' has not been built from source file 'C:/Users/lewis/Documents/Projects/spothop-web/src/routes/-components/MapMarker.tsx'.
  The file is in the program because:
    Matched by include pattern 'src/**/*' in 'C:/Users/lewis/Documents/Projects/spothop-web/tsconfig.json'
error TS6305: Output file 'C:/Users/lewis/Documents/Projects/spothop-web/src/routes/-components/MapSearchAreaButton.d.ts' has not been built from source file 'C:/Users/lewis/Documents/Projects/spothop-web/src/routes/-components/MapSearchAreaButton.tsx'.
  The file is in the program because:
    Matched by include pattern 'src/**/*' in 'C:/Users/lewis/Documents/Projects/spothop-web/tsconfig.json'
error TS6305: Output file 'C:/Users/lewis/Documents/Projects/spothop-web/src/routes/-components/MapSearchAreaButton.test.d.ts' has not been built from source file 'C:/Users/lewis/Documents/Projects/spothop-web/src/routes/-components/MapSearchAreaButton.test.tsx'.
  The file is in the program because:
    Matched by include pattern 'src/**/*' in 'C:/Users/lewis/Documents/Projects/spothop-web/tsconfig.json'
error TS6305: Output file 'C:/Users/lewis/Documents/Projects/spothop-web/src/routes/-components/NavigationItems.d.ts' has not been built from source file 'C:/Users/lewis/Documents/Projects/spothop-web/src/routes/-components/NavigationItems.tsx'.
  The file is in the program because:
    Matched by include pattern 'src/**/*' in 'C:/Users/lewis/Documents/Projects/spothop-web/tsconfig.json'
error TS6305: Output file 'C:/Users/lewis/Documents/Projects/spothop-web/src/routes/-components/NewSpotPopup.d.ts' has not been built from source file 'C:/Users/lewis/Documents/Projects/spothop-web/src/routes/-components/NewSpotPopup.tsx'.
  The file is in the program because:
    Matched by include pattern 'src/**/*' in 'C:/Users/lewis/Documents/Projects/spothop-web/tsconfig.json'
error TS6305: Output file 'C:/Users/lewis/Documents/Projects/spothop-web/src/routes/-components/NotificationBell.d.ts' has not been built from source file 'C:/Users/lewis/Documents/Projects/spothop-web/src/routes/-components/NotificationBell.tsx'.
  The file is in the program because:
    Matched by include pattern 'src/**/*' in 'C:/Users/lewis/Documents/Projects/spothop-web/tsconfig.json'
error TS6305: Output file 'C:/Users/lewis/Documents/Projects/spothop-web/src/routes/-components/PlaceAutocomplete.d.ts' has not been built from source file 'C:/Users/lewis/Documents/Projects/spothop-web/src/routes/-components/PlaceAutocomplete.tsx'.
  The file is in the program because:
    Matched by include pattern 'src/**/*' in 'C:/Users/lewis/Documents/Projects/spothop-web/tsconfig.json'
error TS6305: Output file 'C:/Users/lewis/Documents/Projects/spothop-web/src/routes/-components/PlaceAutocomplete.test.d.ts' has not been built from source file 'C:/Users/lewis/Documents/Projects/spothop-web/src/routes/-components/PlaceAutocomplete.test.tsx'.
  The file is in the program because:
    Matched by include pattern 'src/**/*' in 'C:/Users/lewis/Documents/Projects/spothop-web/tsconfig.json'
error TS6305: Output file 'C:/Users/lewis/Documents/Projects/spothop-web/src/routes/-components/SearchAppBar.d.ts' has not been built from source file 'C:/Users/lewis/Documents/Projects/spothop-web/src/routes/-components/SearchAppBar.tsx'.
  The file is in the program because:
    Matched by include pattern 'src/**/*' in 'C:/Users/lewis/Documents/Projects/spothop-web/tsconfig.json'
error TS6305: Output file 'C:/Users/lewis/Documents/Projects/spothop-web/src/routes/-components/SearchAppBar.test.d.ts' has not been built from source file 'C:/Users/lewis/Documents/Projects/spothop-web/src/routes/-components/SearchAppBar.test.tsx'.
  The file is in the program because:
    Matched by include pattern 'src/**/*' in 'C:/Users/lewis/Documents/Projects/spothop-web/tsconfig.json'
error TS6305: Output file 'C:/Users/lewis/Documents/Projects/spothop-web/src/routes/-components/Sidebar.d.ts' has not been built from source file 'C:/Users/lewis/Documents/Projects/spothop-web/src/routes/-components/Sidebar.tsx'.
  The file is in the program because:
    Matched by include pattern 'src/**/*' in 'C:/Users/lewis/Documents/Projects/spothop-web/tsconfig.json'
error TS6305: Output file 'C:/Users/lewis/Documents/Projects/spothop-web/src/routes/-components/SpotMap.d.ts' has not been built from source file 'C:/Users/lewis/Documents/Projects/spothop-web/src/routes/-components/SpotMap.tsx'.
  The file is in the program because:
    Matched by include pattern 'src/**/*' in 'C:/Users/lewis/Documents/Projects/spothop-web/tsconfig.json'
error TS6305: Output file 'C:/Users/lewis/Documents/Projects/spothop-web/src/routes/-components/SpotsListCard.d.ts' has not been built from source file 'C:/Users/lewis/Documents/Projects/spothop-web/src/routes/-components/SpotsListCard.tsx'.
  The file is in the program because:
    Matched by include pattern 'src/**/*' in 'C:/Users/lewis/Documents/Projects/spothop-web/tsconfig.json'
error TS6305: Output file 'C:/Users/lewis/Documents/Projects/spothop-web/src/routes/-components/SpotsListCard.test.d.ts' has not been built from source file 'C:/Users/lewis/Documents/Projects/spothop-web/src/routes/-components/SpotsListCard.test.tsx'.
  The file is in the program because:
    Matched by include pattern 'src/**/*' in 'C:/Users/lewis/Documents/Projects/spothop-web/tsconfig.json'
error TS6305: Output file 'C:/Users/lewis/Documents/Projects/spothop-web/src/routes/-components/UserLocationMarker.d.ts' has not been built from source file 'C:/Users/lewis/Documents/Projects/spothop-web/src/routes/-components/UserLocationMarker.tsx'.
  The file is in the program because:
    Matched by include pattern 'src/**/*' in 'C:/Users/lewis/Documents/Projects/spothop-web/tsconfig.json'
error TS6305: Output file 'C:/Users/lewis/Documents/Projects/spothop-web/src/routes/-components/__tests__/BottomNav.test.d.ts' has not been built from source file 'C:/Users/lewis/Documents/Projects/spothop-web/src/routes/-components/__tests__/BottomNav.test.tsx'.
  The file is in the program because:
    Matched by include pattern 'src/**/*' in 'C:/Users/lewis/Documents/Projects/spothop-web/tsconfig.json'
error TS6305: Output file 'C:/Users/lewis/Documents/Projects/spothop-web/src/routes/-components/__tests__/SpotMap.test.d.ts' has not been built from source file 'C:/Users/lewis/Documents/Projects/spothop-web/src/routes/-components/__tests__/SpotMap.test.tsx'.
  The file is in the program because:
    Matched by include pattern 'src/**/*' in 'C:/Users/lewis/Documents/Projects/spothop-web/tsconfig.json'
error TS6305: Output file 'C:/Users/lewis/Documents/Projects/spothop-web/src/routes/-tests/__root.test.d.ts' has not been built from source file 'C:/Users/lewis/Documents/Projects/spothop-web/src/routes/-tests/__root.test.tsx'.
  The file is in the program because:
    Matched by include pattern 'src/**/*' in 'C:/Users/lewis/Documents/Projects/spothop-web/tsconfig.json'
error TS6305: Output file 'C:/Users/lewis/Documents/Projects/spothop-web/src/routes/__root.d.ts' has not been built from source file 'C:/Users/lewis/Documents/Projects/spothop-web/src/routes/__root.tsx'.
  The file is in the program because:
    Matched by include pattern 'src/**/*' in 'C:/Users/lewis/Documents/Projects/spothop-web/tsconfig.json'
error TS6305: Output file 'C:/Users/lewis/Documents/Projects/spothop-web/src/routes/admin/-__tests__/AdminDashboard.test.d.ts' has not been built from source file 'C:/Users/lewis/Documents/Projects/spothop-web/src/routes/admin/-__tests__/AdminDashboard.test.tsx'.
  The file is in the program because:
    Matched by include pattern 'src/**/*' in 'C:/Users/lewis/Documents/Projects/spothop-web/tsconfig.json'
error TS6305: Output file 'C:/Users/lewis/Documents/Projects/spothop-web/src/routes/admin/contests.d.ts' has not been built from source file 'C:/Users/lewis/Documents/Projects/spothop-web/src/routes/admin/contests.tsx'.
  The file is in the program because:
    Matched by include pattern 'src/**/*' in 'C:/Users/lewis/Documents/Projects/spothop-web/tsconfig.json'
error TS6305: Output file 'C:/Users/lewis/Documents/Projects/spothop-web/src/routes/chat/$conversationId.d.ts' has not been built from source file 'C:/Users/lewis/Documents/Projects/spothop-web/src/routes/chat/$conversationId.tsx'.
  The file is in the program because:
    Matched by include pattern 'src/**/*' in 'C:/Users/lewis/Documents/Projects/spothop-web/tsconfig.json'
error TS6305: Output file 'C:/Users/lewis/Documents/Projects/spothop-web/src/routes/chat/-components/ChatSettingsDialog.d.ts' has not been built from source file 'C:/Users/lewis/Documents/Projects/spothop-web/src/routes/chat/-components/ChatSettingsDialog.tsx'.
  The file is in the program because:
    Matched by include pattern 'src/**/*' in 'C:/Users/lewis/Documents/Projects/spothop-web/tsconfig.json'
error TS6305: Output file 'C:/Users/lewis/Documents/Projects/spothop-web/src/routes/chat/-components/CreateGroupDialog.d.ts' has not been built from source file 'C:/Users/lewis/Documents/Projects/spothop-web/src/routes/chat/-components/CreateGroupDialog.tsx'.
  The file is in the program because:
    Matched by include pattern 'src/**/*' in 'C:/Users/lewis/Documents/Projects/spothop-web/tsconfig.json'
error TS6305: Output file 'C:/Users/lewis/Documents/Projects/spothop-web/src/routes/contests/$contestId.d.ts' has not been built from source file 'C:/Users/lewis/Documents/Projects/spothop-web/src/routes/contests/$contestId.tsx'.
  The file is in the program because:
    Matched by include pattern 'src/**/*' in 'C:/Users/lewis/Documents/Projects/spothop-web/tsconfig.json'
error TS6305: Output file 'C:/Users/lewis/Documents/Projects/spothop-web/src/routes/contests/-components/ContestSubmissionModal.d.ts' has not been built from source file 'C:/Users/lewis/Documents/Projects/spothop-web/src/routes/contests/-components/ContestSubmissionModal.tsx'.
  The file is in the program because:
    Matched by include pattern 'src/**/*' in 'C:/Users/lewis/Documents/Projects/spothop-web/tsconfig.json'
error TS6305: Output file 'C:/Users/lewis/Documents/Projects/spothop-web/src/routes/feed/-__tests__/FeedScreen.test.d.ts' has not been built from source file 'C:/Users/lewis/Documents/Projects/spothop-web/src/routes/feed/-__tests__/FeedScreen.test.tsx'.
  The file is in the program because:
    Matched by include pattern 'src/**/*' in 'C:/Users/lewis/Documents/Projects/spothop-web/tsconfig.json'
error TS6305: Output file 'C:/Users/lewis/Documents/Projects/spothop-web/src/routes/feed/-__tests__/index.test.d.ts' has not been built from source file 'C:/Users/lewis/Documents/Projects/spothop-web/src/routes/feed/-__tests__/index.test.tsx'.
  The file is in the program because:
    Matched by include pattern 'src/**/*' in 'C:/Users/lewis/Documents/Projects/spothop-web/tsconfig.json'
error TS6305: Output file 'C:/Users/lewis/Documents/Projects/spothop-web/src/routes/feed/-components/FeedCommentDialog.d.ts' has not been built from source file 'C:/Users/lewis/Documents/Projects/spothop-web/src/routes/feed/-components/FeedCommentDialog.tsx'.
  The file is in the program because:
    Matched by include pattern 'src/**/*' in 'C:/Users/lewis/Documents/Projects/spothop-web/tsconfig.json'
error TS6305: Output file 'C:/Users/lewis/Documents/Projects/spothop-web/src/routes/feed/-components/FeedContent.d.ts' has not been built from source file 'C:/Users/lewis/Documents/Projects/spothop-web/src/routes/feed/-components/FeedContent.tsx'.
  The file is in the program because:
    Matched by include pattern 'src/**/*' in 'C:/Users/lewis/Documents/Projects/spothop-web/tsconfig.json'
error TS6305: Output file 'C:/Users/lewis/Documents/Projects/spothop-web/src/routes/feed/-components/FeedFilterPanel.d.ts' has not been built from source file 'C:/Users/lewis/Documents/Projects/spothop-web/src/routes/feed/-components/FeedFilterPanel.tsx'.
  The file is in the program because:
    Matched by include pattern 'src/**/*' in 'C:/Users/lewis/Documents/Projects/spothop-web/tsconfig.json'
error TS6305: Output file 'C:/Users/lewis/Documents/Projects/spothop-web/src/routes/feed/-components/FeedItem.d.ts' has not been built from source file 'C:/Users/lewis/Documents/Projects/spothop-web/src/routes/feed/-components/FeedItem.tsx'.
  The file is in the program because:
    Matched by include pattern 'src/**/*' in 'C:/Users/lewis/Documents/Projects/spothop-web/tsconfig.json'
error TS6305: Output file 'C:/Users/lewis/Documents/Projects/spothop-web/src/routes/feed/-components/FeedItemSkeleton.d.ts' has not been built from source file 'C:/Users/lewis/Documents/Projects/spothop-web/src/routes/feed/-components/FeedItemSkeleton.tsx'.
  The file is in the program because:
    Matched by include pattern 'src/**/*' in 'C:/Users/lewis/Documents/Projects/spothop-web/tsconfig.json'
error TS6305: Output file 'C:/Users/lewis/Documents/Projects/spothop-web/src/routes/feed/-components/UserSearchInput.d.ts' has not been built from source file 'C:/Users/lewis/Documents/Projects/spothop-web/src/routes/feed/-components/UserSearchInput.tsx'.
  The file is in the program because:
    Matched by include pattern 'src/**/*' in 'C:/Users/lewis/Documents/Projects/spothop-web/tsconfig.json'
error TS6305: Output file 'C:/Users/lewis/Documents/Projects/spothop-web/src/routes/feed/-components/__tests__/FeedCommentDialog.test.d.ts' has not been built from source file 'C:/Users/lewis/Documents/Projects/spothop-web/src/routes/feed/-components/__tests__/FeedCommentDialog.test.tsx'.
  The file is in the program because:
    Matched by include pattern 'src/**/*' in 'C:/Users/lewis/Documents/Projects/spothop-web/tsconfig.json'
error TS6305: Output file 'C:/Users/lewis/Documents/Projects/spothop-web/src/routes/feed/-components/__tests__/FeedContent.test.d.ts' has not been built from source file 'C:/Users/lewis/Documents/Projects/spothop-web/src/routes/feed/-components/__tests__/FeedContent.test.tsx'.
  The file is in the program because:
    Matched by include pattern 'src/**/*' in 'C:/Users/lewis/Documents/Projects/spothop-web/tsconfig.json'
error TS6305: Output file 'C:/Users/lewis/Documents/Projects/spothop-web/src/routes/feed/-components/__tests__/FeedItem.test.d.ts' has not been built from source file 'C:/Users/lewis/Documents/Projects/spothop-web/src/routes/feed/-components/__tests__/FeedItem.test.tsx'.
  The file is in the program because:
    Matched by include pattern 'src/**/*' in 'C:/Users/lewis/Documents/Projects/spothop-web/tsconfig.json'
error TS6305: Output file 'C:/Users/lewis/Documents/Projects/spothop-web/src/routes/feed/-components/filters/ChipFilter.d.ts' has not been built from source file 'C:/Users/lewis/Documents/Projects/spothop-web/src/routes/feed/-components/filters/ChipFilter.tsx'.
  The file is in the program because:
    Matched by include pattern 'src/**/*' in 'C:/Users/lewis/Documents/Projects/spothop-web/tsconfig.json'
error TS6305: Output file 'C:/Users/lewis/Documents/Projects/spothop-web/src/routes/feed/-components/filters/FilterActions.d.ts' has not been built from source file 'C:/Users/lewis/Documents/Projects/spothop-web/src/routes/feed/-components/filters/FilterActions.tsx'.
  The file is in the program because:
    Matched by include pattern 'src/**/*' in 'C:/Users/lewis/Documents/Projects/spothop-web/tsconfig.json'
error TS6305: Output file 'C:/Users/lewis/Documents/Projects/spothop-web/src/routes/feed/-components/filters/FilterHeader.d.ts' has not been built from source file 'C:/Users/lewis/Documents/Projects/spothop-web/src/routes/feed/-components/filters/FilterHeader.tsx'.
  The file is in the program because:
    Matched by include pattern 'src/**/*' in 'C:/Users/lewis/Documents/Projects/spothop-web/tsconfig.json'
error TS6305: Output file 'C:/Users/lewis/Documents/Projects/spothop-web/src/routes/feed/-components/filters/FilterSection.d.ts' has not been built from source file 'C:/Users/lewis/Documents/Projects/spothop-web/src/routes/feed/-components/filters/FilterSection.tsx'.
  The file is in the program because:
    Matched by include pattern 'src/**/*' in 'C:/Users/lewis/Documents/Projects/spothop-web/tsconfig.json'
error TS6305: Output file 'C:/Users/lewis/Documents/Projects/spothop-web/src/routes/feed/-components/filters/LocationFilter.d.ts' has not been built from source file 'C:/Users/lewis/Documents/Projects/spothop-web/src/routes/feed/-components/filters/LocationFilter.tsx'.
  The file is in the program because:
    Matched by include pattern 'src/**/*' in 'C:/Users/lewis/Documents/Projects/spothop-web/tsconfig.json'
error TS6305: Output file 'C:/Users/lewis/Documents/Projects/spothop-web/src/routes/feed/-components/filters/RiskFilter.d.ts' has not been built from source file 'C:/Users/lewis/Documents/Projects/spothop-web/src/routes/feed/-components/filters/RiskFilter.tsx'.
  The file is in the program because:
    Matched by include pattern 'src/**/*' in 'C:/Users/lewis/Documents/Projects/spothop-web/tsconfig.json'
error TS6305: Output file 'C:/Users/lewis/Documents/Projects/spothop-web/src/routes/feed/-components/filters/UserFilter.d.ts' has not been built from source file 'C:/Users/lewis/Documents/Projects/spothop-web/src/routes/feed/-components/filters/UserFilter.tsx'.
  The file is in the program because:
    Matched by include pattern 'src/**/*' in 'C:/Users/lewis/Documents/Projects/spothop-web/tsconfig.json'
error TS6305: Output file 'C:/Users/lewis/Documents/Projects/spothop-web/src/routes/forgot-password/-components/ForgotPasswordForm.d.ts' has not been built from source file 'C:/Users/lewis/Documents/Projects/spothop-web/src/routes/forgot-password/-components/ForgotPasswordForm.tsx'.
  The file is in the program because:
    Matched by include pattern 'src/**/*' in 'C:/Users/lewis/Documents/Projects/spothop-web/tsconfig.json'
error TS6305: Output file 'C:/Users/lewis/Documents/Projects/spothop-web/src/routes/index.d.ts' has not been built from source file 'C:/Users/lewis/Documents/Projects/spothop-web/src/routes/index.tsx'.
  The file is in the program because:
    Matched by include pattern 'src/**/*' in 'C:/Users/lewis/Documents/Projects/spothop-web/tsconfig.json'
error TS6305: Output file 'C:/Users/lewis/Documents/Projects/spothop-web/src/routes/login/-components/LoginForm.d.ts' has not been built from source file 'C:/Users/lewis/Documents/Projects/spothop-web/src/routes/login/-components/LoginForm.tsx'.
  The file is in the program because:
    Matched by include pattern 'src/**/*' in 'C:/Users/lewis/Documents/Projects/spothop-web/tsconfig.json'
error TS6305: Output file 'C:/Users/lewis/Documents/Projects/spothop-web/src/routes/profile/$username.d.ts' has not been built from source file 'C:/Users/lewis/Documents/Projects/spothop-web/src/routes/profile/$username.tsx'.
  The file is in the program because:
    Matched by include pattern 'src/**/*' in 'C:/Users/lewis/Documents/Projects/spothop-web/tsconfig.json'
error TS6305: Output file 'C:/Users/lewis/Documents/Projects/spothop-web/src/routes/profile/-components/AvatarUpload.d.ts' has not been built from source file 'C:/Users/lewis/Documents/Projects/spothop-web/src/routes/profile/-components/AvatarUpload.tsx'.
  The file is in the program because:
    Matched by include pattern 'src/**/*' in 'C:/Users/lewis/Documents/Projects/spothop-web/tsconfig.json'
error TS6305: Output file 'C:/Users/lewis/Documents/Projects/spothop-web/src/routes/profile/-components/FavoriteSpots.d.ts' has not been built from source file 'C:/Users/lewis/Documents/Projects/spothop-web/src/routes/profile/-components/FavoriteSpots.tsx'.
  The file is in the program because:
    Matched by include pattern 'src/**/*' in 'C:/Users/lewis/Documents/Projects/spothop-web/tsconfig.json'
error TS6305: Output file 'C:/Users/lewis/Documents/Projects/spothop-web/src/routes/profile/-components/LikedMediaGallery.d.ts' has not been built from source file 'C:/Users/lewis/Documents/Projects/spothop-web/src/routes/profile/-components/LikedMediaGallery.tsx'.
  The file is in the program because:
    Matched by include pattern 'src/**/*' in 'C:/Users/lewis/Documents/Projects/spothop-web/tsconfig.json'
error TS6305: Output file 'C:/Users/lewis/Documents/Projects/spothop-web/src/routes/profile/-components/ProfileForm.d.ts' has not been built from source file 'C:/Users/lewis/Documents/Projects/spothop-web/src/routes/profile/-components/ProfileForm.tsx'.
  The file is in the program because:
    Matched by include pattern 'src/**/*' in 'C:/Users/lewis/Documents/Projects/spothop-web/tsconfig.json'
error TS6305: Output file 'C:/Users/lewis/Documents/Projects/spothop-web/src/routes/profile/-components/ProfileHeader.d.ts' has not been built from source file 'C:/Users/lewis/Documents/Projects/spothop-web/src/routes/profile/-components/ProfileHeader.tsx'.
  The file is in the program because:
    Matched by include pattern 'src/**/*' in 'C:/Users/lewis/Documents/Projects/spothop-web/tsconfig.json'
error TS6305: Output file 'C:/Users/lewis/Documents/Projects/spothop-web/src/routes/profile/-components/UserContentGallery.d.ts' has not been built from source file 'C:/Users/lewis/Documents/Projects/spothop-web/src/routes/profile/-components/UserContentGallery.tsx'.
  The file is in the program because:
    Matched by include pattern 'src/**/*' in 'C:/Users/lewis/Documents/Projects/spothop-web/tsconfig.json'
error TS6305: Output file 'C:/Users/lewis/Documents/Projects/spothop-web/src/routes/profile/-components/UserListDialog.d.ts' has not been built from source file 'C:/Users/lewis/Documents/Projects/spothop-web/src/routes/profile/-components/UserListDialog.tsx'.
  The file is in the program because:
    Matched by include pattern 'src/**/*' in 'C:/Users/lewis/Documents/Projects/spothop-web/tsconfig.json'
error TS6305: Output file 'C:/Users/lewis/Documents/Projects/spothop-web/src/routes/profile/-components/UserStats.d.ts' has not been built from source file 'C:/Users/lewis/Documents/Projects/spothop-web/src/routes/profile/-components/UserStats.tsx'.
  The file is in the program because:
    Matched by include pattern 'src/**/*' in 'C:/Users/lewis/Documents/Projects/spothop-web/tsconfig.json'
error TS6305: Output file 'C:/Users/lewis/Documents/Projects/spothop-web/src/routes/profile/-components/__tests__/AvatarUpload.test.d.ts' has not been built from source file 'C:/Users/lewis/Documents/Projects/spothop-web/src/routes/profile/-components/__tests__/AvatarUpload.test.tsx'.
  The file is in the program because:
    Matched by include pattern 'src/**/*' in 'C:/Users/lewis/Documents/Projects/spothop-web/tsconfig.json'
error TS6305: Output file 'C:/Users/lewis/Documents/Projects/spothop-web/src/routes/signup/-components/SignupForm.d.ts' has not been built from source file 'C:/Users/lewis/Documents/Projects/spothop-web/src/routes/signup/-components/SignupForm.tsx'.
  The file is in the program because:
    Matched by include pattern 'src/**/*' in 'C:/Users/lewis/Documents/Projects/spothop-web/tsconfig.json'
error TS6305: Output file 'C:/Users/lewis/Documents/Projects/spothop-web/src/routes/spots/$spotId.d.ts' has not been built from source file 'C:/Users/lewis/Documents/Projects/spothop-web/src/routes/spots/$spotId.tsx'.
  The file is in the program because:
    Matched by include pattern 'src/**/*' in 'C:/Users/lewis/Documents/Projects/spothop-web/tsconfig.json'
error TS6305: Output file 'C:/Users/lewis/Documents/Projects/spothop-web/src/routes/spots/-__tests__/new.test.d.ts' has not been built from source file 'C:/Users/lewis/Documents/Projects/spothop-web/src/routes/spots/-__tests__/new.test.tsx'.
  The file is in the program because:
    Matched by include pattern 'src/**/*' in 'C:/Users/lewis/Documents/Projects/spothop-web/tsconfig.json'
error TS6305: Output file 'C:/Users/lewis/Documents/Projects/spothop-web/src/routes/spots/-__tests__/spotId.test.d.ts' has not been built from source file 'C:/Users/lewis/Documents/Projects/spothop-web/src/routes/spots/-__tests__/spotId.test.tsx'.
  The file is in the program because:
    Matched by include pattern 'src/**/*' in 'C:/Users/lewis/Documents/Projects/spothop-web/tsconfig.json'
error TS6305: Output file 'C:/Users/lewis/Documents/Projects/spothop-web/src/routes/spots/-components/AddMediaDialog.d.ts' has not been built from source file 'C:/Users/lewis/Documents/Projects/spothop-web/src/routes/spots/-components/AddMediaDialog.tsx'.
  The file is in the program because:
    Matched by include pattern 'src/**/*' in 'C:/Users/lewis/Documents/Projects/spothop-web/tsconfig.json'
error TS6305: Output file 'C:/Users/lewis/Documents/Projects/spothop-web/src/routes/spots/-components/CommentActions.d.ts' has not been built from source file 'C:/Users/lewis/Documents/Projects/spothop-web/src/routes/spots/-components/CommentActions.tsx'.
  The file is in the program because:
    Matched by include pattern 'src/**/*' in 'C:/Users/lewis/Documents/Projects/spothop-web/tsconfig.json'
error TS6305: Output file 'C:/Users/lewis/Documents/Projects/spothop-web/src/routes/spots/-components/CommentDisplay.d.ts' has not been built from source file 'C:/Users/lewis/Documents/Projects/spothop-web/src/routes/spots/-components/CommentDisplay.tsx'.
  The file is in the program because:
    Matched by include pattern 'src/**/*' in 'C:/Users/lewis/Documents/Projects/spothop-web/tsconfig.json'
error TS6305: Output file 'C:/Users/lewis/Documents/Projects/spothop-web/src/routes/spots/-components/CommentEditor.d.ts' has not been built from source file 'C:/Users/lewis/Documents/Projects/spothop-web/src/routes/spots/-components/CommentEditor.tsx'.
  The file is in the program because:
    Matched by include pattern 'src/**/*' in 'C:/Users/lewis/Documents/Projects/spothop-web/tsconfig.json'
error TS6305: Output file 'C:/Users/lewis/Documents/Projects/spothop-web/src/routes/spots/-components/CommentForm.d.ts' has not been built from source file 'C:/Users/lewis/Documents/Projects/spothop-web/src/routes/spots/-components/CommentForm.tsx'.
  The file is in the program because:
    Matched by include pattern 'src/**/*' in 'C:/Users/lewis/Documents/Projects/spothop-web/tsconfig.json'
error TS6305: Output file 'C:/Users/lewis/Documents/Projects/spothop-web/src/routes/spots/-components/CommentItem.d.ts' has not been built from source file 'C:/Users/lewis/Documents/Projects/spothop-web/src/routes/spots/-components/CommentItem.tsx'.
  The file is in the program because:
    Matched by include pattern 'src/**/*' in 'C:/Users/lewis/Documents/Projects/spothop-web/tsconfig.json'
error TS6305: Output file 'C:/Users/lewis/Documents/Projects/spothop-web/src/routes/spots/-components/CommentReplies.d.ts' has not been built from source file 'C:/Users/lewis/Documents/Projects/spothop-web/src/routes/spots/-components/CommentReplies.tsx'.
  The file is in the program because:
    Matched by include pattern 'src/**/*' in 'C:/Users/lewis/Documents/Projects/spothop-web/tsconfig.json'
error TS6305: Output file 'C:/Users/lewis/Documents/Projects/spothop-web/src/routes/spots/-components/CommentSection.d.ts' has not been built from source file 'C:/Users/lewis/Documents/Projects/spothop-web/src/routes/spots/-components/CommentSection.tsx'.
  The file is in the program because:
    Matched by include pattern 'src/**/*' in 'C:/Users/lewis/Documents/Projects/spothop-web/tsconfig.json'
error TS6305: Output file 'C:/Users/lewis/Documents/Projects/spothop-web/src/routes/spots/-components/DetailsActions.d.ts' has not been built from source file 'C:/Users/lewis/Documents/Projects/spothop-web/src/routes/spots/-components/DetailsActions.tsx'.
  The file is in the program because:
    Matched by include pattern 'src/**/*' in 'C:/Users/lewis/Documents/Projects/spothop-web/tsconfig.json'
error TS6305: Output file 'C:/Users/lewis/Documents/Projects/spothop-web/src/routes/spots/-components/DetailsInfo.d.ts' has not been built from source file 'C:/Users/lewis/Documents/Projects/spothop-web/src/routes/spots/-components/DetailsInfo.tsx'.
  The file is in the program because:
    Matched by include pattern 'src/**/*' in 'C:/Users/lewis/Documents/Projects/spothop-web/tsconfig.json'
error TS6305: Output file 'C:/Users/lewis/Documents/Projects/spothop-web/src/routes/spots/-components/DetailsMediaSection.d.ts' has not been built from source file 'C:/Users/lewis/Documents/Projects/spothop-web/src/routes/spots/-components/DetailsMediaSection.tsx'.
  The file is in the program because:
    Matched by include pattern 'src/**/*' in 'C:/Users/lewis/Documents/Projects/spothop-web/tsconfig.json'
error TS6305: Output file 'C:/Users/lewis/Documents/Projects/spothop-web/src/routes/spots/-components/DetailsSidebar.d.ts' has not been built from source file 'C:/Users/lewis/Documents/Projects/spothop-web/src/routes/spots/-components/DetailsSidebar.tsx'.
  The file is in the program because:
    Matched by include pattern 'src/**/*' in 'C:/Users/lewis/Documents/Projects/spothop-web/tsconfig.json'
error TS6305: Output file 'C:/Users/lewis/Documents/Projects/spothop-web/src/routes/spots/-components/EmblaCarousel.d.ts' has not been built from source file 'C:/Users/lewis/Documents/Projects/spothop-web/src/routes/spots/-components/EmblaCarousel.tsx'.
  The file is in the program because:
    Matched by include pattern 'src/**/*' in 'C:/Users/lewis/Documents/Projects/spothop-web/tsconfig.json'
error TS6305: Output file 'C:/Users/lewis/Documents/Projects/spothop-web/src/routes/spots/-components/FlagSpotDialog.d.ts' has not been built from source file 'C:/Users/lewis/Documents/Projects/spothop-web/src/routes/spots/-components/FlagSpotDialog.tsx'.
  The file is in the program because:
    Matched by include pattern 'src/**/*' in 'C:/Users/lewis/Documents/Projects/spothop-web/tsconfig.json'
error TS6305: Output file 'C:/Users/lewis/Documents/Projects/spothop-web/src/routes/spots/-components/Lightbox.d.ts' has not been built from source file 'C:/Users/lewis/Documents/Projects/spothop-web/src/routes/spots/-components/Lightbox.tsx'.
  The file is in the program because:
    Matched by include pattern 'src/**/*' in 'C:/Users/lewis/Documents/Projects/spothop-web/tsconfig.json'
error TS6305: Output file 'C:/Users/lewis/Documents/Projects/spothop-web/src/routes/spots/-components/LocationPreview.d.ts' has not been built from source file 'C:/Users/lewis/Documents/Projects/spothop-web/src/routes/spots/-components/LocationPreview.tsx'.
  The file is in the program because:
    Matched by include pattern 'src/**/*' in 'C:/Users/lewis/Documents/Projects/spothop-web/tsconfig.json'
error TS6305: Output file 'C:/Users/lewis/Documents/Projects/spothop-web/src/routes/spots/-components/LocationPreviewContent.d.ts' has not been built from source file 'C:/Users/lewis/Documents/Projects/spothop-web/src/routes/spots/-components/LocationPreviewContent.tsx'.
  The file is in the program because:
    Matched by include pattern 'src/**/*' in 'C:/Users/lewis/Documents/Projects/spothop-web/tsconfig.json'
error TS6305: Output file 'C:/Users/lewis/Documents/Projects/spothop-web/src/routes/spots/-components/MediaCard.d.ts' has not been built from source file 'C:/Users/lewis/Documents/Projects/spothop-web/src/routes/spots/-components/MediaCard.tsx'.
  The file is in the program because:
    Matched by include pattern 'src/**/*' in 'C:/Users/lewis/Documents/Projects/spothop-web/tsconfig.json'
error TS6305: Output file 'C:/Users/lewis/Documents/Projects/spothop-web/src/routes/spots/-components/MediaCarousel.d.ts' has not been built from source file 'C:/Users/lewis/Documents/Projects/spothop-web/src/routes/spots/-components/MediaCarousel.tsx'.
  The file is in the program because:
    Matched by include pattern 'src/**/*' in 'C:/Users/lewis/Documents/Projects/spothop-web/tsconfig.json'
error TS6305: Output file 'C:/Users/lewis/Documents/Projects/spothop-web/src/routes/spots/-components/MediaGrid.d.ts' has not been built from source file 'C:/Users/lewis/Documents/Projects/spothop-web/src/routes/spots/-components/MediaGrid.tsx'.
  The file is in the program because:
    Matched by include pattern 'src/**/*' in 'C:/Users/lewis/Documents/Projects/spothop-web/tsconfig.json'
error TS6305: Output file 'C:/Users/lewis/Documents/Projects/spothop-web/src/routes/spots/-components/MediaListItem.d.ts' has not been built from source file 'C:/Users/lewis/Documents/Projects/spothop-web/src/routes/spots/-components/MediaListItem.tsx'.
  The file is in the program because:
    Matched by include pattern 'src/**/*' in 'C:/Users/lewis/Documents/Projects/spothop-web/tsconfig.json'
error TS6305: Output file 'C:/Users/lewis/Documents/Projects/spothop-web/src/routes/spots/-components/PhotoUpload.d.ts' has not been built from source file 'C:/Users/lewis/Documents/Projects/spothop-web/src/routes/spots/-components/PhotoUpload.tsx'.
  The file is in the program because:
    Matched by include pattern 'src/**/*' in 'C:/Users/lewis/Documents/Projects/spothop-web/tsconfig.json'
error TS6305: Output file 'C:/Users/lewis/Documents/Projects/spothop-web/src/routes/spots/-components/ReportDialog.d.ts' has not been built from source file 'C:/Users/lewis/Documents/Projects/spothop-web/src/routes/spots/-components/ReportDialog.tsx'.
  The file is in the program because:
    Matched by include pattern 'src/**/*' in 'C:/Users/lewis/Documents/Projects/spothop-web/tsconfig.json'
error TS6305: Output file 'C:/Users/lewis/Documents/Projects/spothop-web/src/routes/spots/-components/SpotCardSkeleton.d.ts' has not been built from source file 'C:/Users/lewis/Documents/Projects/spothop-web/src/routes/spots/-components/SpotCardSkeleton.tsx'.
  The file is in the program because:
    Matched by include pattern 'src/**/*' in 'C:/Users/lewis/Documents/Projects/spothop-web/tsconfig.json'
error TS6305: Output file 'C:/Users/lewis/Documents/Projects/spothop-web/src/routes/spots/-components/SpotCharacteristics.d.ts' has not been built from source file 'C:/Users/lewis/Documents/Projects/spothop-web/src/routes/spots/-components/SpotCharacteristics.tsx'.
  The file is in the program because:
    Matched by include pattern 'src/**/*' in 'C:/Users/lewis/Documents/Projects/spothop-web/tsconfig.json'
error TS6305: Output file 'C:/Users/lewis/Documents/Projects/spothop-web/src/routes/spots/-components/SpotCreatorInfo.d.ts' has not been built from source file 'C:/Users/lewis/Documents/Projects/spothop-web/src/routes/spots/-components/SpotCreatorInfo.tsx'.
  The file is in the program because:
    Matched by include pattern 'src/**/*' in 'C:/Users/lewis/Documents/Projects/spothop-web/tsconfig.json'
error TS6305: Output file 'C:/Users/lewis/Documents/Projects/spothop-web/src/routes/spots/-components/SpotDetailsForm.d.ts' has not been built from source file 'C:/Users/lewis/Documents/Projects/spothop-web/src/routes/spots/-components/SpotDetailsForm.tsx'.
  The file is in the program because:
    Matched by include pattern 'src/**/*' in 'C:/Users/lewis/Documents/Projects/spothop-web/tsconfig.json'
error TS6305: Output file 'C:/Users/lewis/Documents/Projects/spothop-web/src/routes/spots/-components/SpotGallery.d.ts' has not been built from source file 'C:/Users/lewis/Documents/Projects/spothop-web/src/routes/spots/-components/SpotGallery.tsx'.
  The file is in the program because:
    Matched by include pattern 'src/**/*' in 'C:/Users/lewis/Documents/Projects/spothop-web/tsconfig.json'
error TS6305: Output file 'C:/Users/lewis/Documents/Projects/spothop-web/src/routes/spots/-components/SpotHeader.d.ts' has not been built from source file 'C:/Users/lewis/Documents/Projects/spothop-web/src/routes/spots/-components/SpotHeader.tsx'.
  The file is in the program because:
    Matched by include pattern 'src/**/*' in 'C:/Users/lewis/Documents/Projects/spothop-web/tsconfig.json'
error TS6305: Output file 'C:/Users/lewis/Documents/Projects/spothop-web/src/routes/spots/-components/SpotInfo/SpotAddress.d.ts' has not been built from source file 'C:/Users/lewis/Documents/Projects/spothop-web/src/routes/spots/-components/SpotInfo/SpotAddress.tsx'.
  The file is in the program because:
    Matched by include pattern 'src/**/*' in 'C:/Users/lewis/Documents/Projects/spothop-web/tsconfig.json'
error TS6305: Output file 'C:/Users/lewis/Documents/Projects/spothop-web/src/routes/spots/-components/SpotInfo/SpotSocialActions.d.ts' has not been built from source file 'C:/Users/lewis/Documents/Projects/spothop-web/src/routes/spots/-components/SpotInfo/SpotSocialActions.tsx'.
  The file is in the program because:
    Matched by include pattern 'src/**/*' in 'C:/Users/lewis/Documents/Projects/spothop-web/tsconfig.json'
error TS6305: Output file 'C:/Users/lewis/Documents/Projects/spothop-web/src/routes/spots/-components/SpotInfo/SpotStats.d.ts' has not been built from source file 'C:/Users/lewis/Documents/Projects/spothop-web/src/routes/spots/-components/SpotInfo/SpotStats.tsx'.
  The file is in the program because:
    Matched by include pattern 'src/**/*' in 'C:/Users/lewis/Documents/Projects/spothop-web/tsconfig.json'
error TS6305: Output file 'C:/Users/lewis/Documents/Projects/spothop-web/src/routes/spots/-components/SpotSidebar/SidebarActions.d.ts' has not been built from source file 'C:/Users/lewis/Documents/Projects/spothop-web/src/routes/spots/-components/SpotSidebar/SidebarActions.tsx'.
  The file is in the program because:
    Matched by include pattern 'src/**/*' in 'C:/Users/lewis/Documents/Projects/spothop-web/tsconfig.json'
error TS6305: Output file 'C:/Users/lewis/Documents/Projects/spothop-web/src/routes/spots/-components/SpotSidebar/SpotSidebar.d.ts' has not been built from source file 'C:/Users/lewis/Documents/Projects/spothop-web/src/routes/spots/-components/SpotSidebar/SpotSidebar.tsx'.
  The file is in the program because:
    Matched by include pattern 'src/**/*' in 'C:/Users/lewis/Documents/Projects/spothop-web/tsconfig.json'
error TS6305: Output file 'C:/Users/lewis/Documents/Projects/spothop-web/src/routes/spots/-components/VideoPreview.d.ts' has not been built from source file 'C:/Users/lewis/Documents/Projects/spothop-web/src/routes/spots/-components/VideoPreview.tsx'.
  The file is in the program because:
    Matched by include pattern 'src/**/*' in 'C:/Users/lewis/Documents/Projects/spothop-web/tsconfig.json'
error TS6305: Output file 'C:/Users/lewis/Documents/Projects/spothop-web/src/routes/spots/-components/VideoThumbnailSelector.d.ts' has not been built from source file 'C:/Users/lewis/Documents/Projects/spothop-web/src/routes/spots/-components/VideoThumbnailSelector.tsx'.
  The file is in the program because:
    Matched by include pattern 'src/**/*' in 'C:/Users/lewis/Documents/Projects/spothop-web/tsconfig.json'
error TS6305: Output file 'C:/Users/lewis/Documents/Projects/spothop-web/src/routes/spots/-components/VideoTrimmer.d.ts' has not been built from source file 'C:/Users/lewis/Documents/Projects/spothop-web/src/routes/spots/-components/VideoTrimmer.tsx'.
  The file is in the program because:
    Matched by include pattern 'src/**/*' in 'C:/Users/lewis/Documents/Projects/spothop-web/tsconfig.json'
error TS6305: Output file 'C:/Users/lewis/Documents/Projects/spothop-web/src/routes/spots/-components/VideoUpload.d.ts' has not been built from source file 'C:/Users/lewis/Documents/Projects/spothop-web/src/routes/spots/-components/VideoUpload.tsx'.
  The file is in the program because:
    Matched by include pattern 'src/**/*' in 'C:/Users/lewis/Documents/Projects/spothop-web/tsconfig.json'
error TS6305: Output file 'C:/Users/lewis/Documents/Projects/spothop-web/src/routes/spots/-components/__tests__/FlagSpotDialog.test.d.ts' has not been built from source file 'C:/Users/lewis/Documents/Projects/spothop-web/src/routes/spots/-components/__tests__/FlagSpotDialog.test.tsx'.
  The file is in the program because:
    Matched by include pattern 'src/**/*' in 'C:/Users/lewis/Documents/Projects/spothop-web/tsconfig.json'
error TS6305: Output file 'C:/Users/lewis/Documents/Projects/spothop-web/src/routes/spots/-components/__tests__/LocationPreviewContent.test.d.ts' has not been built from source file 'C:/Users/lewis/Documents/Projects/spothop-web/src/routes/spots/-components/__tests__/LocationPreviewContent.test.tsx'.
  The file is in the program because:
    Matched by include pattern 'src/**/*' in 'C:/Users/lewis/Documents/Projects/spothop-web/tsconfig.json'
error TS6305: Output file 'C:/Users/lewis/Documents/Projects/spothop-web/src/routes/spots/-components/__tests__/SpotCharacteristics.test.d.ts' has not been built from source file 'C:/Users/lewis/Documents/Projects/spothop-web/src/routes/spots/-components/__tests__/SpotCharacteristics.test.tsx'.
  The file is in the program because:
    Matched by include pattern 'src/**/*' in 'C:/Users/lewis/Documents/Projects/spothop-web/tsconfig.json'
error TS6305: Output file 'C:/Users/lewis/Documents/Projects/spothop-web/src/routes/spots/-components/__tests__/SpotCreatorInfo.test.d.ts' has not been built from source file 'C:/Users/lewis/Documents/Projects/spothop-web/src/routes/spots/-components/__tests__/SpotCreatorInfo.test.tsx'.
  The file is in the program because:
    Matched by include pattern 'src/**/*' in 'C:/Users/lewis/Documents/Projects/spothop-web/tsconfig.json'
error TS6305: Output file 'C:/Users/lewis/Documents/Projects/spothop-web/src/routes/spots/-components/__tests__/SpotDetailsForm.test.d.ts' has not been built from source file 'C:/Users/lewis/Documents/Projects/spothop-web/src/routes/spots/-components/__tests__/SpotDetailsForm.test.tsx'.
  The file is in the program because:
    Matched by include pattern 'src/**/*' in 'C:/Users/lewis/Documents/Projects/spothop-web/tsconfig.json'
error TS6305: Output file 'C:/Users/lewis/Documents/Projects/spothop-web/src/routes/spots/-components/__tests__/SpotGallery.test.d.ts' has not been built from source file 'C:/Users/lewis/Documents/Projects/spothop-web/src/routes/spots/-components/__tests__/SpotGallery.test.tsx'.
  The file is in the program because:
    Matched by include pattern 'src/**/*' in 'C:/Users/lewis/Documents/Projects/spothop-web/tsconfig.json'
error TS6305: Output file 'C:/Users/lewis/Documents/Projects/spothop-web/src/routes/spots/-components/__tests__/SpotHeader.test.d.ts' has not been built from source file 'C:/Users/lewis/Documents/Projects/spothop-web/src/routes/spots/-components/__tests__/SpotHeader.test.tsx'.
  The file is in the program because:
    Matched by include pattern 'src/**/*' in 'C:/Users/lewis/Documents/Projects/spothop-web/tsconfig.json'
error TS6305: Output file 'C:/Users/lewis/Documents/Projects/spothop-web/src/routes/spots/-components/__tests__/SpotInfo.test.d.ts' has not been built from source file 'C:/Users/lewis/Documents/Projects/spothop-web/src/routes/spots/-components/__tests__/SpotInfo.test.tsx'.
  The file is in the program because:
    Matched by include pattern 'src/**/*' in 'C:/Users/lewis/Documents/Projects/spothop-web/tsconfig.json'
error TS6305: Output file 'C:/Users/lewis/Documents/Projects/spothop-web/src/routes/spots/-components/__tests__/SpotInfoModeration.test.d.ts' has not been built from source file 'C:/Users/lewis/Documents/Projects/spothop-web/src/routes/spots/-components/__tests__/SpotInfoModeration.test.tsx'.
  The file is in the program because:
    Matched by include pattern 'src/**/*' in 'C:/Users/lewis/Documents/Projects/spothop-web/tsconfig.json'
error TS6305: Output file 'C:/Users/lewis/Documents/Projects/spothop-web/src/routes/spots/-components/__tests__/SpotSidebar.test.d.ts' has not been built from source file 'C:/Users/lewis/Documents/Projects/spothop-web/src/routes/spots/-components/__tests__/SpotSidebar.test.tsx'.
  The file is in the program because:
    Matched by include pattern 'src/**/*' in 'C:/Users/lewis/Documents/Projects/spothop-web/tsconfig.json'
error TS6305: Output file 'C:/Users/lewis/Documents/Projects/spothop-web/src/routes/spots/-components/__tests__/VideoTrimmer.test.d.ts' has not been built from source file 'C:/Users/lewis/Documents/Projects/spothop-web/src/routes/spots/-components/__tests__/VideoTrimmer.test.tsx'.
  The file is in the program because:
    Matched by include pattern 'src/**/*' in 'C:/Users/lewis/Documents/Projects/spothop-web/tsconfig.json'
error TS6305: Output file 'C:/Users/lewis/Documents/Projects/spothop-web/src/routes/spots/-components/__tests__/VideoUpload.test.d.ts' has not been built from source file 'C:/Users/lewis/Documents/Projects/spothop-web/src/routes/spots/-components/__tests__/VideoUpload.test.tsx'.
  The file is in the program because:
    Matched by include pattern 'src/**/*' in 'C:/Users/lewis/Documents/Projects/spothop-web/tsconfig.json'
error TS6305: Output file 'C:/Users/lewis/Documents/Projects/spothop-web/src/routes/terms.d.ts' has not been built from source file 'C:/Users/lewis/Documents/Projects/spothop-web/src/routes/terms.tsx'.
  The file is in the program because:
    Matched by include pattern 'src/**/*' in 'C:/Users/lewis/Documents/Projects/spothop-web/tsconfig.json'
error TS6305: Output file 'C:/Users/lewis/Documents/Projects/spothop-web/src/routes/update-password/-components/UpdatePasswordForm.d.ts' has not been built from source file 'C:/Users/lewis/Documents/Projects/spothop-web/src/routes/update-password/-components/UpdatePasswordForm.tsx'.
  The file is in the program because:
    Matched by include pattern 'src/**/*' in 'C:/Users/lewis/Documents/Projects/spothop-web/tsconfig.json'
error TS6305: Output file 'C:/Users/lewis/Documents/Projects/spothop-web/src/services/__tests__/adminService.test.d.ts' has not been built from source file 'C:/Users/lewis/Documents/Projects/spothop-web/src/services/__tests__/adminService.test.ts'.
  The file is in the program because:
    Matched by include pattern 'src/**/*' in 'C:/Users/lewis/Documents/Projects/spothop-web/tsconfig.json'
error TS6305: Output file 'C:/Users/lewis/Documents/Projects/spothop-web/src/services/__tests__/chatService.test.d.ts' has not been built from source file 'C:/Users/lewis/Documents/Projects/spothop-web/src/services/__tests__/chatService.test.ts'.
  The file is in the program because:
    Matched by include pattern 'src/**/*' in 'C:/Users/lewis/Documents/Projects/spothop-web/tsconfig.json'
error TS6305: Output file 'C:/Users/lewis/Documents/Projects/spothop-web/src/services/__tests__/feedService.test.d.ts' has not been built from source file 'C:/Users/lewis/Documents/Projects/spothop-web/src/services/__tests__/feedService.test.ts'.
  The file is in the program because:
    Matched by include pattern 'src/**/*' in 'C:/Users/lewis/Documents/Projects/spothop-web/tsconfig.json'
error TS6305: Output file 'C:/Users/lewis/Documents/Projects/spothop-web/src/services/__tests__/optimizedQueries.test.d.ts' has not been built from source file 'C:/Users/lewis/Documents/Projects/spothop-web/src/services/__tests__/optimizedQueries.test.ts'.
  The file is in the program because:
    Matched by include pattern 'src/**/*' in 'C:/Users/lewis/Documents/Projects/spothop-web/tsconfig.json'
error TS6305: Output file 'C:/Users/lewis/Documents/Projects/spothop-web/src/services/__tests__/profileService.test.d.ts' has not been built from source file 'C:/Users/lewis/Documents/Projects/spothop-web/src/services/__tests__/profileService.test.ts'.
  The file is in the program because:
    Matched by include pattern 'src/**/*' in 'C:/Users/lewis/Documents/Projects/spothop-web/tsconfig.json'
error TS6305: Output file 'C:/Users/lewis/Documents/Projects/spothop-web/src/services/__tests__/spotService.test.d.ts' has not been built from source file 'C:/Users/lewis/Documents/Projects/spothop-web/src/services/__tests__/spotService.test.ts'.
  The file is in the program because:
    Matched by include pattern 'src/**/*' in 'C:/Users/lewis/Documents/Projects/spothop-web/tsconfig.json'
error TS6305: Output file 'C:/Users/lewis/Documents/Projects/spothop-web/src/services/adminContestService.d.ts' has not been built from source file 'C:/Users/lewis/Documents/Projects/spothop-web/src/services/adminContestService.ts'.
  The file is in the program because:
    Matched by include pattern 'src/**/*' in 'C:/Users/lewis/Documents/Projects/spothop-web/tsconfig.json'
error TS6305: Output file 'C:/Users/lewis/Documents/Projects/spothop-web/src/services/adminService.d.ts' has not been built from source file 'C:/Users/lewis/Documents/Projects/spothop-web/src/services/adminService.ts'.
  The file is in the program because:
    Matched by include pattern 'src/**/*' in 'C:/Users/lewis/Documents/Projects/spothop-web/tsconfig.json'
error TS6305: Output file 'C:/Users/lewis/Documents/Projects/spothop-web/src/services/chatService.d.ts' has not been built from source file 'C:/Users/lewis/Documents/Projects/spothop-web/src/services/chatService.ts'.
  The file is in the program because:
    Matched by include pattern 'src/**/*' in 'C:/Users/lewis/Documents/Projects/spothop-web/tsconfig.json'
error TS6305: Output file 'C:/Users/lewis/Documents/Projects/spothop-web/src/services/chatService.test.d.ts' has not been built from source file 'C:/Users/lewis/Documents/Projects/spothop-web/src/services/chatService.test.ts'.
  The file is in the program because:
    Matched by include pattern 'src/**/*' in 'C:/Users/lewis/Documents/Projects/spothop-web/tsconfig.json'
error TS6305: Output file 'C:/Users/lewis/Documents/Projects/spothop-web/src/services/contestService.d.ts' has not been built from source file 'C:/Users/lewis/Documents/Projects/spothop-web/src/services/contestService.ts'.
  The file is in the program because:
    Matched by include pattern 'src/**/*' in 'C:/Users/lewis/Documents/Projects/spothop-web/tsconfig.json'
error TS6305: Output file 'C:/Users/lewis/Documents/Projects/spothop-web/src/services/feedService.d.ts' has not been built from source file 'C:/Users/lewis/Documents/Projects/spothop-web/src/services/feedService.ts'.
  The file is in the program because:
    Matched by include pattern 'src/**/*' in 'C:/Users/lewis/Documents/Projects/spothop-web/tsconfig.json'
error TS6305: Output file 'C:/Users/lewis/Documents/Projects/spothop-web/src/services/optimizedQueries.d.ts' has not been built from source file 'C:/Users/lewis/Documents/Projects/spothop-web/src/services/optimizedQueries.ts'.
  The file is in the program because:
    Matched by include pattern 'src/**/*' in 'C:/Users/lewis/Documents/Projects/spothop-web/tsconfig.json'
error TS6305: Output file 'C:/Users/lewis/Documents/Projects/spothop-web/src/services/profileService.d.ts' has not been built from source file 'C:/Users/lewis/Documents/Projects/spothop-web/src/services/profileService.ts'.
  The file is in the program because:
    Matched by include pattern 'src/**/*' in 'C:/Users/lewis/Documents/Projects/spothop-web/tsconfig.json'
error TS6305: Output file 'C:/Users/lewis/Documents/Projects/spothop-web/src/services/profileService.test.d.ts' has not been built from source file 'C:/Users/lewis/Documents/Projects/spothop-web/src/services/profileService.test.ts'.
  The file is in the program because:
    Matched by include pattern 'src/**/*' in 'C:/Users/lewis/Documents/Projects/spothop-web/tsconfig.json'
error TS6305: Output file 'C:/Users/lewis/Documents/Projects/spothop-web/src/services/spotService.d.ts' has not been built from source file 'C:/Users/lewis/Documents/Projects/spothop-web/src/services/spotService.ts'.
  The file is in the program because:
    Matched by include pattern 'src/**/*' in 'C:/Users/lewis/Documents/Projects/spothop-web/tsconfig.json'
error TS6305: Output file 'C:/Users/lewis/Documents/Projects/spothop-web/src/services/spotService.test.d.ts' has not been built from source file 'C:/Users/lewis/Documents/Projects/spothop-web/src/services/spotService.test.ts'.
  The file is in the program because:
    Matched by include pattern 'src/**/*' in 'C:/Users/lewis/Documents/Projects/spothop-web/tsconfig.json'
error TS6305: Output file 'C:/Users/lewis/Documents/Projects/spothop-web/src/setupTests.d.ts' has not been built from source file 'C:/Users/lewis/Documents/Projects/spothop-web/src/setupTests.ts'.
  The file is in the program because:
    Matched by include pattern 'src/**/*' in 'C:/Users/lewis/Documents/Projects/spothop-web/tsconfig.json'
error TS6305: Output file 'C:/Users/lewis/Documents/Projects/spothop-web/src/supabase.d.ts' has not been built from source file 'C:/Users/lewis/Documents/Projects/spothop-web/src/supabase.ts'.
  The file is in the program because:
    Matched by include pattern 'src/**/*' in 'C:/Users/lewis/Documents/Projects/spothop-web/tsconfig.json'
error TS6305: Output file 'C:/Users/lewis/Documents/Projects/spothop-web/src/theme.d.ts' has not been built from source file 'C:/Users/lewis/Documents/Projects/spothop-web/src/theme.ts'.
  The file is in the program because:
    Matched by include pattern 'src/**/*' in 'C:/Users/lewis/Documents/Projects/spothop-web/tsconfig.json'
error TS6305: Output file 'C:/Users/lewis/Documents/Projects/spothop-web/src/types/index.d.ts' has not been built from source file 'C:/Users/lewis/Documents/Projects/spothop-web/src/types/index.ts'.
  The file is in the program because:
    Matched by include pattern 'src/**/*' in 'C:/Users/lewis/Documents/Projects/spothop-web/tsconfig.json'
error TS6305: Output file 'C:/Users/lewis/Documents/Projects/spothop-web/src/utils/__tests__/asyncHelpers.test.d.ts' has not been built from source file 'C:/Users/lewis/Documents/Projects/spothop-web/src/utils/__tests__/asyncHelpers.test.ts'.
  The file is in the program because:
    Matched by include pattern 'src/**/*' in 'C:/Users/lewis/Documents/Projects/spothop-web/tsconfig.json'
error TS6305: Output file 'C:/Users/lewis/Documents/Projects/spothop-web/src/utils/__tests__/geocoding.test.d.ts' has not been built from source file 'C:/Users/lewis/Documents/Projects/spothop-web/src/utils/__tests__/geocoding.test.ts'.
  The file is in the program because:
    Matched by include pattern 'src/**/*' in 'C:/Users/lewis/Documents/Projects/spothop-web/tsconfig.json'
error TS6305: Output file 'C:/Users/lewis/Documents/Projects/spothop-web/src/utils/__tests__/imageOptimization.test.d.ts' has not been built from source file 'C:/Users/lewis/Documents/Projects/spothop-web/src/utils/__tests__/imageOptimization.test.ts'.
  The file is in the program because:
    Matched by include pattern 'src/**/*' in 'C:/Users/lewis/Documents/Projects/spothop-web/tsconfig.json'
error TS6305: Output file 'C:/Users/lewis/Documents/Projects/spothop-web/src/utils/__tests__/media-utils.test.d.ts' has not been built from source file 'C:/Users/lewis/Documents/Projects/spothop-web/src/utils/__tests__/media-utils.test.ts'.
  The file is in the program because:
    Matched by include pattern 'src/**/*' in 'C:/Users/lewis/Documents/Projects/spothop-web/tsconfig.json'
error TS6305: Output file 'C:/Users/lewis/Documents/Projects/spothop-web/src/utils/__tests__/navigation.test.d.ts' has not been built from source file 'C:/Users/lewis/Documents/Projects/spothop-web/src/utils/__tests__/navigation.test.ts'.
  The file is in the program because:
    Matched by include pattern 'src/**/*' in 'C:/Users/lewis/Documents/Projects/spothop-web/tsconfig.json'
error TS6305: Output file 'C:/Users/lewis/Documents/Projects/spothop-web/src/utils/asyncHelpers.d.ts' has not been built from source file 'C:/Users/lewis/Documents/Projects/spothop-web/src/utils/asyncHelpers.ts'.
  The file is in the program because:
    Matched by include pattern 'src/**/*' in 'C:/Users/lewis/Documents/Projects/spothop-web/tsconfig.json'
error TS6305: Output file 'C:/Users/lewis/Documents/Projects/spothop-web/src/utils/cache.d.ts' has not been built from source file 'C:/Users/lewis/Documents/Projects/spothop-web/src/utils/cache.ts'.
  The file is in the program because:
    Matched by include pattern 'src/**/*' in 'C:/Users/lewis/Documents/Projects/spothop-web/tsconfig.json'
error TS6305: Output file 'C:/Users/lewis/Documents/Projects/spothop-web/src/utils/confirmations.d.ts' has not been built from source file 'C:/Users/lewis/Documents/Projects/spothop-web/src/utils/confirmations.ts'.
  The file is in the program because:
    Matched by include pattern 'src/**/*' in 'C:/Users/lewis/Documents/Projects/spothop-web/tsconfig.json'
error TS6305: Output file 'C:/Users/lewis/Documents/Projects/spothop-web/src/utils/geo.d.ts' has not been built from source file 'C:/Users/lewis/Documents/Projects/spothop-web/src/utils/geo.ts'.
  The file is in the program because:
    Matched by include pattern 'src/**/*' in 'C:/Users/lewis/Documents/Projects/spothop-web/tsconfig.json'
error TS6305: Output file 'C:/Users/lewis/Documents/Projects/spothop-web/src/utils/geocoding.d.ts' has not been built from source file 'C:/Users/lewis/Documents/Projects/spothop-web/src/utils/geocoding.ts'.
  The file is in the program because:
    Matched by include pattern 'src/**/*' in 'C:/Users/lewis/Documents/Projects/spothop-web/tsconfig.json'
error TS6305: Output file 'C:/Users/lewis/Documents/Projects/spothop-web/src/utils/imageOptimization.d.ts' has not been built from source file 'C:/Users/lewis/Documents/Projects/spothop-web/src/utils/imageOptimization.ts'.
  The file is in the program because:
    Matched by include pattern 'src/**/*' in 'C:/Users/lewis/Documents/Projects/spothop-web/tsconfig.json'
error TS6305: Output file 'C:/Users/lewis/Documents/Projects/spothop-web/src/utils/media-utils.d.ts' has not been built from source file 'C:/Users/lewis/Documents/Projects/spothop-web/src/utils/media-utils.ts'.
  The file is in the program because:
    Matched by include pattern 'src/**/*' in 'C:/Users/lewis/Documents/Projects/spothop-web/tsconfig.json'
error TS6305: Output file 'C:/Users/lewis/Documents/Projects/spothop-web/src/utils/moderation.d.ts' has not been built from source file 'C:/Users/lewis/Documents/Projects/spothop-web/src/utils/moderation.ts'.
  The file is in the program because:
    Matched by include pattern 'src/**/*' in 'C:/Users/lewis/Documents/Projects/spothop-web/tsconfig.json'
error TS6305: Output file 'C:/Users/lewis/Documents/Projects/spothop-web/src/utils/navigation.d.ts' has not been built from source file 'C:/Users/lewis/Documents/Projects/spothop-web/src/utils/navigation.ts'.
  The file is in the program because:
    Matched by include pattern 'src/**/*' in 'C:/Users/lewis/Documents/Projects/spothop-web/tsconfig.json'
error TS6305: Output file 'C:/Users/lewis/Documents/Projects/spothop-web/src/utils/videoProcessing.d.ts' has not been built from source file 'C:/Users/lewis/Documents/Projects/spothop-web/src/utils/videoProcessing.ts'.
  The file is in the program because:
    Matched by include pattern 'src/**/*' in 'C:/Users/lewis/Documents/Projects/spothop-web/tsconfig.json'
