
> nothing@0.0.0 test
> cross-env NODE_OPTIONS=--max-old-space-size=8192 vitest src/routes/feed/-components/__tests__/FeedContent.test.tsx


[1m[44m DEV [49m[22m [34mv4.0.14 [39m[90mC:/Users/lewis/Documents/Projects/spothop-web[39m

 [31mΓ¥»[39m src/routes/feed/-components/__tests__/FeedContent.test.tsx [2m([22m[2m7 tests[22m[2m | [22m[31m1 failed[39m[2m)[22m[32m 236[2mms[22m[39m
     [32mΓ£ô[39m renders loading state with skeletons[32m 136[2mms[22m[39m
     [32mΓ£ô[39m renders error state[32m 27[2mms[22m[39m
     [32mΓ£ô[39m renders empty state without filters[32m 33[2mms[22m[39m
     [32mΓ£ô[39m renders empty state with filters[32m 12[2mms[22m[39m
     [32mΓ£ô[39m renders following tab empty state[32m 6[2mms[22m[39m
[31m     [31m├ù[31m renders feed items[39m[32m 16[2mms[22m[39m
     [32mΓ£ô[39m renders end of feed message[32m 4[2mms[22m[39m
node.exe : 
At line:1 char:1
+ & "C:\nvm4w\nodejs/no
de.exe" "C:\nvm4w\nodej
s/node_modules/npm/bin/
np ...
+ ~~~~~~~~~~~~~~~~~~~~~
~~~~~~~~~~~~~~~~~~~~~~~
~~~~~~~~~~~~~~~~~~~~~~~
~~
    + CategoryInfo     
         : NotSpecifi  
  ed: (:String) [],    
 RemoteException
    + FullyQualifiedEr 
   rorId : NativeComm  
  andError
 
[31mΓÄ»ΓÄ»ΓÄ»ΓÄ»ΓÄ»ΓÄ»
ΓÄ»[39m[1m[41m 
Failed Tests 1 [49m[2
2m[31mΓÄ»ΓÄ»ΓÄ»ΓÄ»ΓÄ»Γ
Ä»ΓÄ»[39m

[41m[1m FAIL 
[22m[49m src/routes/f
eed/-components/__tests
__/FeedContent.test.tsx
[2m > 
[22mFeedContent[2m > 
[22mrenders feed items
[31m[1mTestingLibrary
ElementError[22m: 
Unable to find an 
element by: [data-testi
d="FavoriteBorderIcon"]

Ignored nodes: 
comments, script, style
[36m<body>[31m
  [36m<div>[31m
    [36m<div[31m
      [33mdata-virtuos
o-scroller[31m=[32m"t
rue"[31m
      [33mstyle[31m=
[32m"position: 
relative;"[31m
    [36m>[31m
      [36m<div[31m
        [33mdata-viewp
ort-type[31m=[32m"win
dow"[31m
        [33mstyle[31m
=[32m"height: 100%; 
position: absolute; 
top: 0px; width: 
100%;"[31m
      [36m>[31m
        [36m<div[31m
          [33mdata-tes
tid[31m=[32m"virtuoso
-item-list"[31m
          [33mstyle[3
1m=[32m"box-sizing: 
border-box; 
margin-top: 0px; 
padding-bottom: 0px; 
padding-top: 0px;"[31m
        [36m/>[31m
        [36m<div>[31m
          
[36m<div[31m
            [33mclass
[31m=[32m"MuiBox-root 
css-hix1c1"[31m
          [36m>[31m
            
[36m<p[31m
              [33mclas
s[31m=[32m"MuiTypogra
phy-root 
MuiTypography-body2 Mui
Typography-alignCenter 
css-foiyj0-MuiTypograph
y-root"[31m
              [33mstyl
e[31m=[32m"--Typograp
hy-textAlign: 
center;"[31m
            [36m>[31m
              
[0mYou've reached the 
end of the global 
feed.[0m
            
[36m</p>[31m
          
[36m</div>[31m
        
[36m</div>[31m
      [36m</div>[31m
    [36m</div>[31m
  [36m</div>[31m
[36m</body>[31m[39m
[90m [2mΓ¥»[22m 
Object.getElementError 
node_modules/.pnpm/@tes
ting-library+dom@10.4.1
/node_modules/@testing-
library/dom/dist/config
.js:[2m37:19[22m[39m
[90m [2mΓ¥»[22m node
_modules/.pnpm/@testing
-library+dom@10.4.1/nod
e_modules/@testing-libr
ary/dom/dist/query-help
ers.js:[2m76:38[22m[
39m
[90m [2mΓ¥»[22m node
_modules/.pnpm/@testing
-library+dom@10.4.1/nod
e_modules/@testing-libr
ary/dom/dist/query-help
ers.js:[2m52:17[22m[
39m
[90m [2mΓ¥»[22m node
_modules/.pnpm/@testing
-library+dom@10.4.1/nod
e_modules/@testing-libr
ary/dom/dist/query-help
ers.js:[2m95:19[22m[
39m
[36m [2mΓ¥»[22m src/
routes/feed/-components
/__tests__/FeedContent.
test.tsx:[2m71:23[22m
[39m
    [90m 69| [39m    
    
render(<FeedContent 
{...mockProps} 
allItems={mockItems as 
any}ΓÇª
    [90m 70| [39m    
    [90m// 
FeedItemCard should be 
rendered[39m
    [90m 71| [39m    
    expect(screen.getBy
TestId('FavoriteBorderI
con')).toBeInTheDocuΓÇª
    [90m   | [39m    
                  
[31m^[39m
    [90m 72| [39m    
})[33m;[39m
    [90m 73| [39m

[31m[2mΓÄ»ΓÄ»ΓÄ»ΓÄ»ΓÄ
»ΓÄ»ΓÄ»ΓÄ»ΓÄ»ΓÄ»ΓÄ»ΓÄ»Γ
Ä»ΓÄ»ΓÄ»ΓÄ»ΓÄ»ΓÄ»ΓÄ»ΓÄ»
ΓÄ»ΓÄ»ΓÄ»ΓÄ»[1/1]ΓÄ»[2
2m[39m


[2m Test Files [22m [1m[31m1 failed[39m[22m[90m (1)[39m
[2m      Tests [22m [1m[31m1 failed[39m[22m[2m | [22m[1m[32m6 passed[39m[22m[90m (7)[39m
[2m   Start at [22m 04:30:12
[2m   Duration [22m 3.94s[2m (transform 237ms, setup 136ms, import 2.62s, tests 236ms, environment 749ms)[22m

[1m[41m FAIL [49m[22m [31mTests failed. Watching for file changes...[39m
       [2mpress [22m[1mh[22m[2m to show help[22m[2m, [22m[2mpress [22m[1mq[22m[2m to quit[22m
c[3J[1m[44m RERUN [49m[22m [34m[2msrc/routes/feed/-components/__tests__/FeedContent.test.tsx [22m[34mx1 [34m[39m
       [2m Filename pattern: [22m[34msrc/routes/feed/-components/__tests__/FeedContent.test.tsx[39m

[90mstderr[2m | src/r
outes/feed/-components/
__tests__/FeedContent.t
est.tsx[2m > [22m[2m
FeedContent[2m > 
[22m[2mrenders feed 
items
[22m[39mWarning: 
useRouter must be used 
inside a 
<RouterProvider> 
component!
Warning: useRouter 
must be used inside a 
<RouterProvider> 
component!
Warning: useRouter 
must be used inside a 
<RouterProvider> 
component!
Warning: useRouter 
must be used inside a 
<RouterProvider> 
component!

[90mstderr[2m | src/r
outes/feed/-components/
__tests__/FeedContent.t
est.tsx[2m > [22m[2m
FeedContent[2m > 
[22m[2mrenders end 
of feed message
[22m[39mWarning: 
useRouter must be used 
inside a 
<RouterProvider> 
component!
Warning: useRouter 
must be used inside a 
<RouterProvider> 
component!
Warning: useRouter 
must be used inside a 
<RouterProvider> 
component!
Warning: useRouter 
must be used inside a 
<RouterProvider> 
component!

 [31mΓ¥»[39m src/routes/feed/-components/__tests__/FeedContent.test.tsx [2m([22m[2m7 tests[22m[2m | [22m[31m2 failed[39m[2m)[22m[32m 291[2mms[22m[39m
     [32mΓ£ô[39m renders loading state with skeletons[32m 155[2mms[22m[39m
     [32mΓ£ô[39m renders error state[32m 40[2mms[22m[39m
     [32mΓ£ô[39m renders empty state without filters[32m 49[2mms[22m[39m
     [32mΓ£ô[39m renders empty state with filters[32m 19[2mms[22m[39m
     [32mΓ£ô[39m renders following tab empty state[32m 7[2mms[22m[39m
[31m     [31m├ù[31m renders feed items[39m[32m 14[2mms[22m[39m
[31m     [31m├ù[31m renders end of feed message[39m[32m 5[2mms[22m[39m

[31mΓÄ»ΓÄ»ΓÄ»ΓÄ»ΓÄ»ΓÄ»
ΓÄ»[39m[1m[41m 
Failed Tests 2 [49m[2
2m[31mΓÄ»ΓÄ»ΓÄ»ΓÄ»ΓÄ»Γ
Ä»ΓÄ»[39m

[41m[1m FAIL 
[22m[49m src/routes/f
eed/-components/__tests
__/FeedContent.test.tsx
[2m > 
[22mFeedContent[2m > 
[22mrenders feed items
[41m[1m FAIL 
[22m[49m src/routes/f
eed/-components/__tests
__/FeedContent.test.tsx
[2m > 
[22mFeedContent[2m > 
[22mrenders end of 
feed message
[31m[1mTypeError[22m
: Cannot read 
properties of null 
(reading 
'isServer')[39m
[90m [2mΓ¥»[22m 
useLinkProps node_modul
es/.pnpm/@tanstack+reac
t-router@1.16_e8df18ecc
63ad2542f5b4038ce5e6fa0
/node_modules/@tanstack
/react-router/dist/esm/
link.js:[2m13:40[22m
[39m
[90m [2mΓ¥»[22m node
_modules/.pnpm/@tanstac
k+react-router@1.16_e8d
f18ecc63ad2542f5b4038ce
5e6fa0/node_modules/@ta
nstack/react-router/dis
t/esm/link.js:[2m525:4
3[22m[39m
[90m [2mΓ¥»[22m Obje
ct.react_stack_bottom_f
rame node_modules/.pnpm
/react-dom@19.2.0_react
@19.2.0/node_modules/re
act-dom/cjs/react-dom-c
lient.development.js:[
2m25904:20[22m[39m
[90m [2mΓ¥»[22m 
renderWithHooks node_mo
dules/.pnpm/react-dom@1
9.2.0_react@19.2.0/node
_modules/react-dom/cjs/
react-dom-client.develo
pment.js:[2m7662:22[2
2m[39m
[90m [2mΓ¥»[22m 
updateForwardRef node_m
odules/.pnpm/react-dom@
19.2.0_react@19.2.0/nod
e_modules/react-dom/cjs
/react-dom-client.devel
opment.js:[2m9724:19[
22m[39m
[90m [2mΓ¥»[22m 
beginWork node_modules/
.pnpm/react-dom@19.2.0_
react@19.2.0/node_modul
es/react-dom/cjs/react-
dom-client.development.
js:[2m12117:18[22m[3
9m
[90m [2mΓ¥»[22m 
runWithFiberInDEV node_
modules/.pnpm/react-dom
@19.2.0_react@19.2.0/no
de_modules/react-dom/cj
s/react-dom-client.deve
lopment.js:[2m874:13[
22m[39m
[90m [2mΓ¥»[22m 
performUnitOfWork node_
modules/.pnpm/react-dom
@19.2.0_react@19.2.0/no
de_modules/react-dom/cj
s/react-dom-client.deve
lopment.js:[2m17641:22
[22m[39m
[90m [2mΓ¥»[22m 
workLoopSync node_modul
es/.pnpm/react-dom@19.2
.0_react@19.2.0/node_mo
dules/react-dom/cjs/rea
ct-dom-client.developme
nt.js:[2m17469:41[22m
[39m
[90m [2mΓ¥»[22m 
renderRootSync node_mod
ules/.pnpm/react-dom@19
.2.0_react@19.2.0/node_
modules/react-dom/cjs/r
eact-dom-client.develop
ment.js:[2m17450:11[2
2m[39m

[31m[2mΓÄ»ΓÄ»ΓÄ»ΓÄ»ΓÄ
»ΓÄ»ΓÄ»ΓÄ»ΓÄ»ΓÄ»ΓÄ»ΓÄ»Γ
Ä»ΓÄ»ΓÄ»ΓÄ»ΓÄ»ΓÄ»ΓÄ»ΓÄ»
ΓÄ»ΓÄ»ΓÄ»ΓÄ»[1/2]ΓÄ»[2
2m[39m


[2m Test Files [22m [1m[31m1 failed[39m[22m[90m (1)[39m
[2m      Tests [22m [1m[31m2 failed[39m[22m[2m | [22m[1m[32m5 passed[39m[22m[90m (7)[39m
[2m   Start at [22m 04:30:29
[2m   Duration [22m 2.94s

[1m[41m FAIL [49m[22m [31mTests failed. Watching for file changes...[39m
       [2mpress [22m[1mh[22m[2m to show help[22m[2m, [22m[2mpress [22m[1mq[22m[2m to quit[22m
c[3J[1m[44m RERUN [49m[22m [34m[2msrc/routes/feed/-components/__tests__/FeedContent.test.tsx [22m[34mx2 [34m[39m
       [2m Filename pattern: [22m[34msrc/routes/feed/-components/__tests__/FeedContent.test.tsx[39m

 [31mΓ¥»[39m src/routes/feed/-components/__tests__/FeedContent.test.tsx [2m([22m[2m7 tests[22m[2m | [22m[31m2 failed[39m[2m)[22m[32m 285[2mms[22m[39m
     [32mΓ£ô[39m renders loading state with skeletons[32m 162[2mms[22m[39m
     [32mΓ£ô[39m renders error state[32m 44[2mms[22m[39m
     [32mΓ£ô[39m renders empty state without filters[32m 41[2mms[22m[39m
     [32mΓ£ô[39m renders empty state with filters[32m 16[2mms[22m[39m
     [32mΓ£ô[39m renders following tab empty state[32m 7[2mms[22m[39m
[31m     [31m├ù[31m renders feed items[39m[32m 11[2mms[22m[39m
[31m     [31m├ù[31m renders end of feed message[39m[32m 2[2mms[22m[39m

[31mΓÄ»ΓÄ»ΓÄ»ΓÄ»ΓÄ»ΓÄ»
ΓÄ»[39m[1m[41m 
Failed Tests 2 [49m[2
2m[31mΓÄ»ΓÄ»ΓÄ»ΓÄ»ΓÄ»Γ
Ä»ΓÄ»[39m

[41m[1m FAIL 
[22m[49m src/routes/f
eed/-components/__tests
__/FeedContent.test.tsx
[2m > 
[22mFeedContent[2m > 
[22mrenders feed items
[41m[1m FAIL 
[22m[49m src/routes/f
eed/-components/__tests
__/FeedContent.test.tsx
[2m > 
[22mFeedContent[2m > 
[22mrenders end of 
feed message
[31m[1mError[22m: 
[vitest] No 
"useNavigate" export 
is defined on the "@tan
stack/react-router" 
mock. Did you forget 
to return it from 
"vi.mock"?
If you need to 
partially mock a 
module, you can use 
"importOriginal" 
helper inside:
[39m
vi.mock(import("@tansta
ck/react-router"), 
async (importOriginal) 
=> {
  const actual = await 
importOriginal()
  return {
    ...actual,
    // your mocked 
methods
  }
})

[36m [2mΓ¥»[22m src/
routes/feed/-components
/FeedItem.tsx:[2m50:22
[22m[39m
    [90m 48| [39m    
[35mconst[39m [active
Slide[33m,[39m 
setActiveSlide] 
[33m=[39m [34museSta
te[39m([34m0[39m)[3
3m;[39m
    [90m 49| [39m    
[35mconst[39m 
toggleFollowMutation 
[33m=[39m [34museTog
gleFollow[39m()[33m;
[39m
    [90m 50| [39m    
[35mconst[39m 
navigate [33m=[39m [
34museNavigate[39m()[
33m;[39m
    [90m   | [39m    
                 
[31m^[39m
    [90m 51| [39m
    [90m 52| [39m    
[90m// Convert single 
feed item media to 
array for carousel[39m
[90m [2mΓ¥»[22m Obje
ct.react_stack_bottom_f
rame node_modules/.pnpm
/react-dom@19.2.0_react
@19.2.0/node_modules/re
act-dom/cjs/react-dom-c
lient.development.js:[
2m25904:20[22m[39m
[90m [2mΓ¥»[22m 
renderWithHooks node_mo
dules/.pnpm/react-dom@1
9.2.0_react@19.2.0/node
_modules/react-dom/cjs/
react-dom-client.develo
pment.js:[2m7662:22[2
2m[39m
[90m [2mΓ¥»[22m upda
teFunctionComponent nod
e_modules/.pnpm/react-d
om@19.2.0_react@19.2.0/
node_modules/react-dom/
cjs/react-dom-client.de
velopment.js:[2m10166:
19[22m[39m
[90m [2mΓ¥»[22m upda
teSimpleMemoComponent n
ode_modules/.pnpm/react
-dom@19.2.0_react@19.2.
0/node_modules/react-do
m/cjs/react-dom-client.
development.js:[2m9830
:14[22m[39m
[90m [2mΓ¥»[22m 
updateMemoComponent nod
e_modules/.pnpm/react-d
om@19.2.0_react@19.2.0/
node_modules/react-dom/
cjs/react-dom-client.de
velopment.js:[2m9763:1
3[22m[39m
[90m [2mΓ¥»[22m 
beginWork node_modules/
.pnpm/react-dom@19.2.0_
react@19.2.0/node_modul
es/react-dom/cjs/react-
dom-client.development.
js:[2m12204:18[22m[3
9m
[90m [2mΓ¥»[22m 
runWithFiberInDEV node_
modules/.pnpm/react-dom
@19.2.0_react@19.2.0/no
de_modules/react-dom/cj
s/react-dom-client.deve
lopment.js:[2m874:13[
22m[39m

[31m[2mΓÄ»ΓÄ»ΓÄ»ΓÄ»ΓÄ
»ΓÄ»ΓÄ»ΓÄ»ΓÄ»ΓÄ»ΓÄ»ΓÄ»Γ
Ä»ΓÄ»ΓÄ»ΓÄ»ΓÄ»ΓÄ»ΓÄ»ΓÄ»
ΓÄ»ΓÄ»ΓÄ»ΓÄ»[1/2]ΓÄ»[2
2m[39m


[2m Test Files [22m [1m[31m1 failed[39m[22m[90m (1)[39m
[2m      Tests [22m [1m[31m2 failed[39m[22m[2m | [22m[1m[32m5 passed[39m[22m[90m (7)[39m
[2m   Start at [22m 04:30:34
[2m   Duration [22m 2.78s

[1m[41m FAIL [49m[22m [31mTests failed. Watching for file changes...[39m
       [2mpress [22m[1mh[22m[2m to show help[22m[2m, [22m[2mpress [22m[1mq[22m[2m to quit[22m
c[3J[1m[44m RERUN [49m[22m [34m[2msrc/routes/feed/-components/__tests__/FeedContent.test.tsx [22m[34mx3 [34m[39m
       [2m Filename pattern: [22m[34msrc/routes/feed/-components/__tests__/FeedContent.test.tsx[39m

 [31mΓ¥»[39m src/routes/feed/-components/__tests__/FeedContent.test.tsx [2m([22m[2m7 tests[22m[2m | [22m[31m2 failed[39m[2m)[22m[33m 411[2mms[22m[39m
     [32mΓ£ô[39m renders loading state with skeletons[32m 219[2mms[22m[39m
     [32mΓ£ô[39m renders error state[32m 59[2mms[22m[39m
     [32mΓ£ô[39m renders empty state without filters[32m 76[2mms[22m[39m
     [32mΓ£ô[39m renders empty state with filters[32m 25[2mms[22m[39m
     [32mΓ£ô[39m renders following tab empty state[32m 10[2mms[22m[39m
[31m     [31m├ù[31m renders feed items[39m[32m 16[2mms[22m[39m
[31m     [31m├ù[31m renders end of feed message[39m[32m 3[2mms[22m[39m

[31mΓÄ»ΓÄ»ΓÄ»ΓÄ»ΓÄ»ΓÄ»
ΓÄ»[39m[1m[41m 
Failed Tests 2 [49m[2
2m[31mΓÄ»ΓÄ»ΓÄ»ΓÄ»ΓÄ»Γ
Ä»ΓÄ»[39m

[41m[1m FAIL 
[22m[49m src/routes/f
eed/-components/__tests
__/FeedContent.test.tsx
[2m > 
[22mFeedContent[2m > 
[22mrenders feed items
[41m[1m FAIL 
[22m[49m src/routes/f
eed/-components/__tests
__/FeedContent.test.tsx
[2m > 
[22mFeedContent[2m > 
[22mrenders end of 
feed message
[31m[1mError[22m: 
[vitest] No 
"useNavigate" export 
is defined on the "@tan
stack/react-router" 
mock. Did you forget 
to return it from 
"vi.mock"?
If you need to 
partially mock a 
module, you can use 
"importOriginal" 
helper inside:
[39m
vi.mock(import("@tansta
ck/react-router"), 
async (importOriginal) 
=> {
  const actual = await 
importOriginal()
  return {
    ...actual,
    // your mocked 
methods
  }
})

[36m [2mΓ¥»[22m src/
routes/feed/-components
/FeedItem.tsx:[2m50:22
[22m[39m
    [90m 48| [39m    
[35mconst[39m [active
Slide[33m,[39m 
setActiveSlide] 
[33m=[39m [34museSta
te[39m([34m0[39m)[3
3m;[39m
    [90m 49| [39m    
[35mconst[39m 
toggleFollowMutation 
[33m=[39m [34museTog
gleFollow[39m()[33m;
[39m
    [90m 50| [39m    
[35mconst[39m 
navigate [33m=[39m [
34museNavigate[39m()[
33m;[39m
    [90m   | [39m    
                 
[31m^[39m
    [90m 51| [39m
    [90m 52| [39m    
[90m// Convert single 
feed item media to 
array for carousel[39m
[90m [2mΓ¥»[22m Obje
ct.react_stack_bottom_f
rame node_modules/.pnpm
/react-dom@19.2.0_react
@19.2.0/node_modules/re
act-dom/cjs/react-dom-c
lient.development.js:[
2m25904:20[22m[39m
[90m [2mΓ¥»[22m 
renderWithHooks node_mo
dules/.pnpm/react-dom@1
9.2.0_react@19.2.0/node
_modules/react-dom/cjs/
react-dom-client.develo
pment.js:[2m7662:22[2
2m[39m
[90m [2mΓ¥»[22m upda
teFunctionComponent nod
e_modules/.pnpm/react-d
om@19.2.0_react@19.2.0/
node_modules/react-dom/
cjs/react-dom-client.de
velopment.js:[2m10166:
19[22m[39m
[90m [2mΓ¥»[22m upda
teSimpleMemoComponent n
ode_modules/.pnpm/react
-dom@19.2.0_react@19.2.
0/node_modules/react-do
m/cjs/react-dom-client.
development.js:[2m9830
:14[22m[39m
[90m [2mΓ¥»[22m 
updateMemoComponent nod
e_modules/.pnpm/react-d
om@19.2.0_react@19.2.0/
node_modules/react-dom/
cjs/react-dom-client.de
velopment.js:[2m9763:1
3[22m[39m
[90m [2mΓ¥»[22m 
beginWork node_modules/
.pnpm/react-dom@19.2.0_
react@19.2.0/node_modul
es/react-dom/cjs/react-
dom-client.development.
js:[2m12204:18[22m[3
9m
[90m [2mΓ¥»[22m 
runWithFiberInDEV node_
modules/.pnpm/react-dom
@19.2.0_react@19.2.0/no
de_modules/react-dom/cj
s/react-dom-client.deve
lopment.js:[2m874:13[
22m[39m

[31m[2mΓÄ»ΓÄ»ΓÄ»ΓÄ»ΓÄ
»ΓÄ»ΓÄ»ΓÄ»ΓÄ»ΓÄ»ΓÄ»ΓÄ»Γ
Ä»ΓÄ»ΓÄ»ΓÄ»ΓÄ»ΓÄ»ΓÄ»ΓÄ»
ΓÄ»ΓÄ»ΓÄ»ΓÄ»[1/2]ΓÄ»[2
2m[39m


[2m Test Files [22m [1m[31m1 failed[39m[22m[90m (1)[39m
[2m      Tests [22m [1m[31m2 failed[39m[22m[2m | [22m[1m[32m5 passed[39m[22m[90m (7)[39m
[2m   Start at [22m 04:31:29
[2m   Duration [22m 3.79s

[1m[41m FAIL [49m[22m [31mTests failed. Watching for file changes...[39m
       [2mpress [22m[1mh[22m[2m to show help[22m[2m, [22m[2mpress [22m[1mq[22m[2m to quit[22m
c[3J[1m[44m RERUN [49m[22m [34m[2msrc/routes/feed/-components/__tests__/FeedContent.test.tsx [22m[34mx4 [34m[39m
       [2m Filename pattern: [22m[34msrc/routes/feed/-components/__tests__/FeedContent.test.tsx[39m

 [31mΓ¥»[39m src/routes/feed/-components/__tests__/FeedContent.test.tsx [2m([22m[2m7 tests[22m[2m | [22m[31m1 failed[39m[2m)[22m[33m 470[2mms[22m[39m
     [32mΓ£ô[39m renders loading state with skeletons[32m 247[2mms[22m[39m
     [32mΓ£ô[39m renders error state[32m 76[2mms[22m[39m
     [32mΓ£ô[39m renders empty state without filters[32m 82[2mms[22m[39m
     [32mΓ£ô[39m renders empty state with filters[32m 31[2mms[22m[39m
     [32mΓ£ô[39m renders following tab empty state[32m 11[2mms[22m[39m
[31m     [31m├ù[31m renders feed items[39m[32m 15[2mms[22m[39m
     [32mΓ£ô[39m renders end of feed message[32m 5[2mms[22m[39m

[31mΓÄ»ΓÄ»ΓÄ»ΓÄ»ΓÄ»ΓÄ»
ΓÄ»[39m[1m[41m 
Failed Tests 1 [49m[2
2m[31mΓÄ»ΓÄ»ΓÄ»ΓÄ»ΓÄ»Γ
Ä»ΓÄ»[39m

[41m[1m FAIL 
[22m[49m src/routes/f
eed/-components/__tests
__/FeedContent.test.tsx
[2m > 
[22mFeedContent[2m > 
[22mrenders feed items
[31m[1mTestingLibrary
ElementError[22m: 
Unable to find an 
element by: [data-testi
d="FavoriteBorderIcon"]

Ignored nodes: 
comments, script, style
[36m<body>[31m
  [36m<div>[31m
    [36m<div>[31m
      [36m<div[31m
        [33mdata-testi
d[31m=[32m"feed-item-
card"[31m
      [36m/>[31m
      [36m<div[31m
        [33mclass[31m
=[32m"MuiBox-root 
css-hix1c1"[31m
      [36m>[31m
        [36m<p[31m
          [33mclass[3
1m=[32m"MuiTypography-
root 
MuiTypography-body2 Mui
Typography-alignCenter 
css-foiyj0-MuiTypograph
y-root"[31m
          [33mstyle[3
1m=[32m"--Typography-t
extAlign: center;"[31m
        [36m>[31m
          [0mYou've 
reached the end of the 
global feed.[0m
        [36m</p>[31m
      [36m</div>[31m
    [36m</div>[31m
  [36m</div>[31m
[36m</body>[31m[39m
[90m [2mΓ¥»[22m 
Object.getElementError 
node_modules/.pnpm/@tes
ting-library+dom@10.4.1
/node_modules/@testing-
library/dom/dist/config
.js:[2m37:19[22m[39m
[90m [2mΓ¥»[22m node
_modules/.pnpm/@testing
-library+dom@10.4.1/nod
e_modules/@testing-libr
ary/dom/dist/query-help
ers.js:[2m76:38[22m[
39m
[90m [2mΓ¥»[22m node
_modules/.pnpm/@testing
-library+dom@10.4.1/nod
e_modules/@testing-libr
ary/dom/dist/query-help
ers.js:[2m52:17[22m[
39m
[90m [2mΓ¥»[22m node
_modules/.pnpm/@testing
-library+dom@10.4.1/nod
e_modules/@testing-libr
ary/dom/dist/query-help
ers.js:[2m95:19[22m[
39m
[36m [2mΓ¥»[22m src/
routes/feed/-components
/__tests__/FeedContent.
test.tsx:[2m94:23[22m
[39m
    [90m 92| [39m    
    
render(<FeedContent 
{...mockProps} 
allItems={mockItems as 
any}ΓÇª
    [90m 93| [39m    
    [90m// 
FeedItemCard should be 
rendered[39m
    [90m 94| [39m    
    expect(screen.getBy
TestId('FavoriteBorderI
con')).toBeInTheDocuΓÇª
    [90m   | [39m    
                  
[31m^[39m
    [90m 95| [39m    
})[33m;[39m
    [90m 96| [39m

[31m[2mΓÄ»ΓÄ»ΓÄ»ΓÄ»ΓÄ
»ΓÄ»ΓÄ»ΓÄ»ΓÄ»ΓÄ»ΓÄ»ΓÄ»Γ
Ä»ΓÄ»ΓÄ»ΓÄ»ΓÄ»ΓÄ»ΓÄ»ΓÄ»
ΓÄ»ΓÄ»ΓÄ»ΓÄ»[1/1]ΓÄ»[2
2m[39m


[2m Test Files [22m [1m[31m1 failed[39m[22m[90m (1)[39m
[2m      Tests [22m [1m[31m1 failed[39m[22m[2m | [22m[1m[32m6 passed[39m[22m[90m (7)[39m
[2m   Start at [22m 04:31:59
[2m   Duration [22m 4.08s

[1m[41m FAIL [49m[22m [31mTests failed. Watching for file changes...[39m
       [2mpress [22m[1mh[22m[2m to show help[22m[2m, [22m[2mpress [22m[1mq[22m[2m to quit[22m
c[3J[1m[44m RERUN [49m[22m [34m[2msrc/routes/feed/-components/__tests__/FeedContent.test.tsx [22m[34mx5 [34m[39m
       [2m Filename pattern: [22m[34msrc/routes/feed/-components/__tests__/FeedContent.test.tsx[39m

 [32mΓ£ô[39m src/routes/feed/-components/__tests__/FeedContent.test.tsx [2m([22m[2m7 tests[22m[2m)[22m[33m 493[2mms[22m[39m
     [33m[2mΓ£ô[22m[39m renders loading state with skeletons [33m 328[2mms[22m[39m

[2m Test Files [22m [1m[32m1 passed[39m[22m[90m (1)[39m
[2m      Tests [22m [1m[32m7 passed[39m[22m[90m (7)[39m
[2m   Start at [22m 04:32:04
[2m   Duration [22m 4.11s

[1m[42m PASS [49m[22m [32mWaiting for file changes...[39m
       [2mpress [22m[1mh[22m[2m to show help[22m[2m, [22m[2mpress [22m[1mq[22m[2m to quit[22m
